Archive member included to satisfy reference by file (symbol)

/opt/st/stm32cubeide_1.19.0/plugins/com.st.stm32cube.ide.mcu.externaltools.gnu-tools-for-stm32.13.3.rel1.linux64_1.0.0.202410170706/tools/bin/../lib/gcc/arm-none-eabi/13.3.1/../../../../arm-none-eabi/lib/thumb/v7e-m+dp/hard/libc_nano.a(libc_a-exit.o)
                              /opt/st/stm32cubeide_1.19.0/plugins/com.st.stm32cube.ide.mcu.externaltools.gnu-tools-for-stm32.13.3.rel1.linux64_1.0.0.202410170706/tools/bin/../lib/gcc/arm-none-eabi/13.3.1/../../../../arm-none-eabi/lib/thumb/v7e-m+dp/hard/crt0.o (exit)
/opt/st/stm32cubeide_1.19.0/plugins/com.st.stm32cube.ide.mcu.externaltools.gnu-tools-for-stm32.13.3.rel1.linux64_1.0.0.202410170706/tools/bin/../lib/gcc/arm-none-eabi/13.3.1/../../../../arm-none-eabi/lib/thumb/v7e-m+dp/hard/libc_nano.a(libc_a-findfp.o)
                              /opt/st/stm32cubeide_1.19.0/plugins/com.st.stm32cube.ide.mcu.externaltools.gnu-tools-for-stm32.13.3.rel1.linux64_1.0.0.202410170706/tools/bin/../lib/gcc/arm-none-eabi/13.3.1/../../../../arm-none-eabi/lib/thumb/v7e-m+dp/hard/libc_nano.a(libc_a-exit.o) (__stdio_exit_handler)
/opt/st/stm32cubeide_1.19.0/plugins/com.st.stm32cube.ide.mcu.externaltools.gnu-tools-for-stm32.13.3.rel1.linux64_1.0.0.202410170706/tools/bin/../lib/gcc/arm-none-eabi/13.3.1/../../../../arm-none-eabi/lib/thumb/v7e-m+dp/hard/libc_nano.a(libc_a-fwalk.o)
                              /opt/st/stm32cubeide_1.19.0/plugins/com.st.stm32cube.ide.mcu.externaltools.gnu-tools-for-stm32.13.3.rel1.linux64_1.0.0.202410170706/tools/bin/../lib/gcc/arm-none-eabi/13.3.1/../../../../arm-none-eabi/lib/thumb/v7e-m+dp/hard/libc_nano.a(libc_a-findfp.o) (_fwalk_sglue)
/opt/st/stm32cubeide_1.19.0/plugins/com.st.stm32cube.ide.mcu.externaltools.gnu-tools-for-stm32.13.3.rel1.linux64_1.0.0.202410170706/tools/bin/../lib/gcc/arm-none-eabi/13.3.1/../../../../arm-none-eabi/lib/thumb/v7e-m+dp/hard/libc_nano.a(libc_a-puts.o)
                              ./Core/Src/main.o (puts)
/opt/st/stm32cubeide_1.19.0/plugins/com.st.stm32cube.ide.mcu.externaltools.gnu-tools-for-stm32.13.3.rel1.linux64_1.0.0.202410170706/tools/bin/../lib/gcc/arm-none-eabi/13.3.1/../../../../arm-none-eabi/lib/thumb/v7e-m+dp/hard/libc_nano.a(libc_a-stdio.o)
                              /opt/st/stm32cubeide_1.19.0/plugins/com.st.stm32cube.ide.mcu.externaltools.gnu-tools-for-stm32.13.3.rel1.linux64_1.0.0.202410170706/tools/bin/../lib/gcc/arm-none-eabi/13.3.1/../../../../arm-none-eabi/lib/thumb/v7e-m+dp/hard/libc_nano.a(libc_a-findfp.o) (__sread)
/opt/st/stm32cubeide_1.19.0/plugins/com.st.stm32cube.ide.mcu.externaltools.gnu-tools-for-stm32.13.3.rel1.linux64_1.0.0.202410170706/tools/bin/../lib/gcc/arm-none-eabi/13.3.1/../../../../arm-none-eabi/lib/thumb/v7e-m+dp/hard/libc_nano.a(libc_a-wbuf.o)
                              /opt/st/stm32cubeide_1.19.0/plugins/com.st.stm32cube.ide.mcu.externaltools.gnu-tools-for-stm32.13.3.rel1.linux64_1.0.0.202410170706/tools/bin/../lib/gcc/arm-none-eabi/13.3.1/../../../../arm-none-eabi/lib/thumb/v7e-m+dp/hard/libc_nano.a(libc_a-puts.o) (__swbuf_r)
/opt/st/stm32cubeide_1.19.0/plugins/com.st.stm32cube.ide.mcu.externaltools.gnu-tools-for-stm32.13.3.rel1.linux64_1.0.0.202410170706/tools/bin/../lib/gcc/arm-none-eabi/13.3.1/../../../../arm-none-eabi/lib/thumb/v7e-m+dp/hard/libc_nano.a(libc_a-wsetup.o)
                              /opt/st/stm32cubeide_1.19.0/plugins/com.st.stm32cube.ide.mcu.externaltools.gnu-tools-for-stm32.13.3.rel1.linux64_1.0.0.202410170706/tools/bin/../lib/gcc/arm-none-eabi/13.3.1/../../../../arm-none-eabi/lib/thumb/v7e-m+dp/hard/libc_nano.a(libc_a-puts.o) (__swsetup_r)
/opt/st/stm32cubeide_1.19.0/plugins/com.st.stm32cube.ide.mcu.externaltools.gnu-tools-for-stm32.13.3.rel1.linux64_1.0.0.202410170706/tools/bin/../lib/gcc/arm-none-eabi/13.3.1/../../../../arm-none-eabi/lib/thumb/v7e-m+dp/hard/libc_nano.a(libc_a-memset.o)
                              /opt/st/stm32cubeide_1.19.0/plugins/com.st.stm32cube.ide.mcu.externaltools.gnu-tools-for-stm32.13.3.rel1.linux64_1.0.0.202410170706/tools/bin/../lib/gcc/arm-none-eabi/13.3.1/../../../../arm-none-eabi/lib/thumb/v7e-m+dp/hard/crt0.o (memset)
/opt/st/stm32cubeide_1.19.0/plugins/com.st.stm32cube.ide.mcu.externaltools.gnu-tools-for-stm32.13.3.rel1.linux64_1.0.0.202410170706/tools/bin/../lib/gcc/arm-none-eabi/13.3.1/../../../../arm-none-eabi/lib/thumb/v7e-m+dp/hard/libc_nano.a(libc_a-closer.o)
                              /opt/st/stm32cubeide_1.19.0/plugins/com.st.stm32cube.ide.mcu.externaltools.gnu-tools-for-stm32.13.3.rel1.linux64_1.0.0.202410170706/tools/bin/../lib/gcc/arm-none-eabi/13.3.1/../../../../arm-none-eabi/lib/thumb/v7e-m+dp/hard/libc_nano.a(libc_a-stdio.o) (_close_r)
/opt/st/stm32cubeide_1.19.0/plugins/com.st.stm32cube.ide.mcu.externaltools.gnu-tools-for-stm32.13.3.rel1.linux64_1.0.0.202410170706/tools/bin/../lib/gcc/arm-none-eabi/13.3.1/../../../../arm-none-eabi/lib/thumb/v7e-m+dp/hard/libc_nano.a(libc_a-reent.o)
[...]
Memory Configuration

Name             Origin             Length             Attributes
FLASH            0x08000000         0x00200000         xr
DTCMRAM          0x20000000         0x00020000         xrw
RAM_D1           0x24000000         0x00080000         xrw
RAM_D2           0x30000000         0x00048000         xrw
RAM_D3           0x38000000         0x00010000         xrw
ITCMRAM          0x00000000         0x00010000         xrw
*default*        0x00000000         0xffffffff

Linker script and memory map

LOAD /opt/st/stm32cubeide_1.19.0/plugins/com.st.stm32cube.ide.mcu.externaltools.gnu-tools-for-stm32.13.3.rel1.linux64_1.0.0.202410170706/tools/bin/../lib/gcc/arm-none-eabi/13.3.1/thumb/v7e-m+dp/hard/crti.o
LOAD /opt/st/stm32cubeide_1.19.0/plugins/com.st.stm32cube.ide.mcu.externaltools.gnu-tools-for-stm32.13.3.rel1.linux64_1.0.0.202410170706/tools/bin/../lib/gcc/arm-none-eabi/13.3.1/thumb/v7e-m+dp/hard/crtbegin.o
LOAD /opt/st/stm32cubeide_1.19.0/plugins/com.st.stm32cube.ide.mcu.externaltools.gnu-tools-for-stm32.13.3.rel1.linux64_1.0.0.202410170706/tools/bin/../lib/gcc/arm-none-eabi/13.3.1/../../../../arm-none-eabi/lib/thumb/v7e-m+dp/hard/crt0.o
LOAD ./Core/Src/main.o
LOAD ./Core/Src/stm32h7xx_hal_msp.o
LOAD ./Core/Src/stm32h7xx_it.o
LOAD ./Core/Src/syscalls.o
LOAD ./Core/Src/sysmem.o
LOAD ./Core/Src/system_stm32h7xx.o
LOAD ./Core/Startup/startup_stm32h753zitx.o
LOAD ./Drivers/BSP/STM32H7xx_Nucleo/stm32h7xx_nucleo.o
LOAD ./Drivers/STM32H7xx_HAL_Driver/Src/stm32h7xx_hal.o
LOAD ./Drivers/STM32H7xx_HAL_Driver/Src/stm32h7xx_hal_adc.o
LOAD ./Drivers/STM32H7xx_HAL_Driver/Src/stm32h7xx_hal_adc_ex.o
LOAD ./Drivers/STM32H7xx_HAL_Driver/Src/stm32h7xx_hal_cortex.o
LOAD ./Drivers/STM32H7xx_HAL_Driver/Src/stm32h7xx_hal_dma.o
LOAD ./Drivers/STM32H7xx_HAL_Driver/Src/stm32h7xx_hal_dma_ex.o
LOAD ./Drivers/STM32H7xx_HAL_Driver/Src/stm32h7xx_hal_exti.o
LOAD ./Drivers/STM32H7xx_HAL_Driver/Src/stm32h7xx_hal_fdcan.o
LOAD ./Drivers/STM32H7xx_HAL_Driver/Src/stm32h7xx_hal_flash.o
LOAD ./Drivers/STM32H7xx_HAL_Driver/Src/stm32h7xx_hal_flash_ex.o
LOAD ./Drivers/STM32H7xx_HAL_Driver/Src/stm32h7xx_hal_gpio.o
LOAD ./Drivers/STM32H7xx_HAL_Driver/Src/stm32h7xx_hal_hsem.o
LOAD ./Drivers/STM32H7xx_HAL_Driver/Src/stm32h7xx_hal_i2c.o
LOAD ./Drivers/STM32H7xx_HAL_Driver/Src/stm32h7xx_hal_i2c_ex.o
LOAD ./Drivers/STM32H7xx_HAL_Driver/Src/stm32h7xx_hal_mdma.o
LOAD ./Drivers/STM32H7xx_HAL_Driver/Src/stm32h7xx_hal_pwr.o
LOAD ./Drivers/STM32H7xx_HAL_Driver/Src/stm32h7xx_hal_pwr_ex.o
LOAD ./Drivers/STM32H7xx_HAL_Driver/Src/stm32h7xx_hal_rcc.o
LOAD ./Drivers/STM32H7xx_HAL_Driver/Src/stm32h7xx_hal_rcc_ex.o
LOAD ./Drivers/STM32H7xx_HAL_Driver/Src/stm32h7xx_hal_tim.o
LOAD ./Drivers/STM32H7xx_HAL_Driver/Src/stm32h7xx_hal_tim_ex.o
LOAD ./Drivers/STM32H7xx_HAL_Driver/Src/stm32h7xx_hal_uart.o
LOAD ./Drivers/STM32H7xx_HAL_Driver/Src/stm32h7xx_hal_uart_ex.o
LOAD ./Drivers/STM32H7xx_HAL_Driver/Src/stm32h7xx_hal_usart.o
LOAD ./Drivers/STM32H7xx_HAL_Driver/Src/stm32h7xx_hal_usart_ex.o
START GROUP
LOAD /opt/st/stm32cubeide_1.19.0/plugins/com.st.stm32cube.ide.mcu.externaltools.gnu-tools-for-stm32.13.3.rel1.linux64_1.0.0.202410170706/tools/bin/../lib/gcc/arm-none-eabi/13.3.1/../../../../arm-none-eabi/lib/thumb/v7e-m+dp/hard/libc_nano.a
LOAD /opt/st/stm32cubeide_1.19.0/plugins/com.st.stm32cube.ide.mcu.externaltools.gnu-tools-for-stm32.13.3.rel1.linux64_1.0.0.202410170706/tools/bin/../lib/gcc/arm-none-eabi/13.3.1/../../../../arm-none-eabi/lib/thumb/v7e-m+dp/hard/libm.a
END GROUP
START GROUP
LOAD /opt/st/stm32cubeide_1.19.0/plugins/com.st.stm32cube.ide.mcu.externaltools.gnu-tools-for-stm32.13.3.rel1.linux64_1.0.0.202410170706/tools/bin/../lib/gcc/arm-none-eabi/13.3.1/thumb/v7e-m+dp/hard/libgcc.a
LOAD /opt/st/stm32cubeide_1.19.0/plugins/com.st.stm32cube.ide.mcu.externaltools.gnu-tools-for-stm32.13.3.rel1.linux64_1.0.0.202410170706/tools/bin/../lib/gcc/arm-none-eabi/13.3.1/../../../../arm-none-eabi/lib/thumb/v7e-m+dp/hard/libc_nano.a
END GROUP
START GROUP
LOAD /opt/st/stm32cubeide_1.19.0/plugins/com.st.stm32cube.ide.mcu.externaltools.gnu-tools-for-stm32.13.3.rel1.linux64_1.0.0.202410170706/tools/bin/../lib/gcc/arm-none-eabi/13.3.1/thumb/v7e-m+dp/hard/libgcc.a
LOAD /opt/st/stm32cubeide_1.19.0/plugins/com.st.stm32cube.ide.mcu.externaltools.gnu-tools-for-stm32.13.3.rel1.linux64_1.0.0.202410170706/tools/bin/../lib/gcc/arm-none-eabi/13.3.1/../../../../arm-none-eabi/lib/thumb/v7e-m+dp/hard/libc_nano.a
LOAD /opt/st/stm32cubeide_1.19.0/plugins/com.st.stm32cube.ide.mcu.externaltools.gnu-tools-for-stm32.13.3.rel1.linux64_1.0.0.202410170706/tools/bin/../lib/gcc/arm-none-eabi/13.3.1/../../../../arm-none-eabi/lib/thumb/v7e-m+dp/hard/libnosys.a
END GROUP
START GROUP
LOAD /opt/st/stm32cubeide_1.19.0/plugins/com.st.stm32cube.ide.mcu.externaltools.gnu-tools-for-stm32.13.3.rel1.linux64_1.0.0.202410170706/tools/bin/../lib/gcc/arm-none-eabi/13.3.1/thumb/v7e-m+dp/hard/libgcc.a
LOAD /opt/st/stm32cubeide_1.19.0/plugins/com.st.stm32cube.ide.mcu.externaltools.gnu-tools-for-stm32.13.3.rel1.linux64_1.0.0.202410170706/tools/bin/../lib/gcc/arm-none-eabi/13.3.1/../../../../arm-none-eabi/lib/thumb/v7e-m+dp/hard/libc_nano.a
LOAD /opt/st/stm32cubeide_1.19.0/plugins/com.st.stm32cube.ide.mcu.externaltools.gnu-tools-for-stm32.13.3.rel1.linux64_1.0.0.202410170706/tools/bin/../lib/gcc/arm-none-eabi/13.3.1/../../../../arm-none-eabi/lib/thumb/v7e-m+dp/hard/libnosys.a
END GROUP
LOAD /opt/st/stm32cubeide_1.19.0/plugins/com.st.stm32cube.ide.mcu.externaltools.gnu-tools-for-stm32.13.3.rel1.linux64_1.0.0.202410170706/tools/bin/../lib/gcc/arm-none-eabi/13.3.1/thumb/v7e-m+dp/hard/crtend.o
LOAD /opt/st/stm32cubeide_1.19.0/plugins/com.st.stm32cube.ide.mcu.externaltools.gnu-tools-for-stm32.13.3.rel1.linux64_1.0.0.202410170706/tools/bin/../lib/gcc/arm-none-eabi/13.3.1/thumb/v7e-m+dp/hard/crtn.o
                0x24080000                        _estack = (ORIGIN (RAM_D1) + LENGTH (RAM_D1))
                0x00000200                        _Min_Heap_Size = 0x200
                0x00000400                        _Min_Stack_Size = 0x400

.isr_vector     0x08000000      0x298
                0x08000000                        . = ALIGN (0x4)
 *(.isr_vector)
 .isr_vector    0x08000000      0x298 ./Core/Startup/startup_stm32h753zitx.o
                0x08000000                g_pfnVectors
                0x08000298                        . = ALIGN (0x4)

.text           0x08000298     0x4d28
                0x08000298                        . = ALIGN (0x4)
 *(.text)
 .text          0x08000298       0x40 /opt/st/stm32cubeide_1.19.0/plugins/com.st.stm32cube.ide.mcu.externaltools.gnu-tools-for-stm32.13.3.rel1.linux64_1.0.0.202410170706/tools/bin/../lib/gcc/arm-none-eabi/13.3.1/thumb/v7e-m+dp/hard/crtbegin.o
 .text          0x080002d8       0x30 /opt/st/stm32cubeide_1.19.0/plugins/com.st.stm32cube.ide.mcu.externaltools.gnu-tools-for-stm32.13.3.rel1.linux64_1.0.0.202410170706/tools/bin/../lib/gcc/arm-none-eabi/13.3.1/thumb/v7e-m+dp/hard/libgcc.a(_aeabi_uldivmod.o)
                0x080002d8                __aeabi_uldivmod
 .text          0x08000308      0x2f8 /opt/st/stm32cubeide_1.19.0/plugins/com.st.stm32cube.ide.mcu.externaltools.gnu-tools-for-stm32.13.3.rel1.linux64_1.0.0.202410170706/tools/bin/../lib/gcc/arm-none-eabi/13.3.1/thumb/v7e-m+dp/hard/libgcc.a(_udivmoddi4.o)
                0x08000308                __udivmoddi4
 .text          0x08000600        0x4 /opt/st/stm32cubeide_1.19.0/plugins/com.st.stm32cube.ide.mcu.externaltools.gnu-tools-for-stm32.13.3.rel1.linux64_1.0.0.202410170706/tools/bin/../lib/gcc/arm-none-eabi/13.3.1/thumb/v7e-m+dp/hard/libgcc.a(_dvmd_tls.o)
                0x08000600                __aeabi_ldiv0
                0x08000600                __aeabi_idiv0
 *(.text*)
 .text.SystemClock_Config
                0x08000604       0xb8 ./Core/Src/main.o
                0x08000604                SystemClock_Config
 .text.PeriphCommonClock_Config
                0x080006bc       0x2a ./Core/Src/main.o
                0x080006bc                PeriphCommonClock_Config
 *fill*         0x080006e6        0x2 
 .text.startup.main
                0x080006e8      0x2e8 ./Core/Src/main.o
                0x080006e8                main
 .text.Error_Handler
                0x080009d0        0x4 ./Core/Src/main.o
                0x080009d0                Error_Handler
 .text.HAL_MspInit
                0x080009d4       0x24 ./Core/Src/stm32h7xx_hal_msp.o
                0x080009d4                HAL_MspInit
 .text.HAL_ADC_MspInit
                0x080009f8       0x94 ./Core/Src/stm32h7xx_hal_msp.o
                0x080009f8                HAL_ADC_MspInit
 .text.HAL_FDCAN_MspInit
                0x08000a8c      0x11c ./Core/Src/stm32h7xx_hal_msp.o
                0x08000a8c                HAL_FDCAN_MspInit
 .text.NMI_Handler
                0x08000ba8        0x2 ./Core/Src/stm32h7xx_it.o
                0x08000ba8                NMI_Handler
 .text.HardFault_Handler
                0x08000baa        0x2 ./Core/Src/stm32h7xx_it.o
                0x08000baa                HardFault_Handler
 .text.MemManage_Handler
                0x08000bac        0x2 ./Core/Src/stm32h7xx_it.o
                0x08000bac                MemManage_Handler
 .text.BusFault_Handler
                0x08000bae        0x2 ./Core/Src/stm32h7xx_it.o
                0x08000bae                BusFault_Handler
 .text.UsageFault_Handler
                0x08000bb0        0x2 ./Core/Src/stm32h7xx_it.o
                0x08000bb0                UsageFault_Handler
 .text.SVC_Handler
                0x08000bb2        0x2 ./Core/Src/stm32h7xx_it.o
                0x08000bb2                SVC_Handler
 .text.DebugMon_Handler
                0x08000bb4        0x2 ./Core/Src/stm32h7xx_it.o
                0x08000bb4                DebugMon_Handler
 .text.PendSV_Handler
                0x08000bb6        0x2 ./Core/Src/stm32h7xx_it.o
                0x08000bb6                PendSV_Handler
 .text.SysTick_Handler
                0x08000bb8        0x4 ./Core/Src/stm32h7xx_it.o
                0x08000bb8                SysTick_Handler
 .text.EXTI15_10_IRQHandler
                0x08000bbc        0x6 ./Core/Src/stm32h7xx_it.o
                0x08000bbc                EXTI15_10_IRQHandler
 .text._read    0x08000bc2       0x1c ./Core/Src/syscalls.o
                0x08000bc2                _read
 .text._write   0x08000bde       0x1c ./Core/Src/syscalls.o
                0x08000bde                _write
 .text._close   0x08000bfa        0x6 ./Core/Src/syscalls.o
                0x08000bfa                _close
 .text._fstat   0x08000c00        0xa ./Core/Src/syscalls.o
                0x08000c00                _fstat
 .text._isatty  0x08000c0a        0x4 ./Core/Src/syscalls.o
                0x08000c0a                _isatty
 .text._lseek   0x08000c0e        0x4 ./Core/Src/syscalls.o
                0x08000c0e                _lseek
 *fill*         0x08000c12        0x2 
 .text._sbrk    0x08000c14       0x40 ./Core/Src/sysmem.o
                0x08000c14                _sbrk
 .text.SystemInit
                0x08000c54       0xe4 ./Core/Src/system_stm32h7xx.o
                0x08000c54                SystemInit
 .text.ExitRun0Mode
                0x08000d38       0x18 ./Core/Src/system_stm32h7xx.o
                0x08000d38                ExitRun0Mode
 .text.Reset_Handler
                0x08000d50       0x54 ./Core/Startup/startup_stm32h753zitx.o
                0x08000d50                Reset_Handler
 .text.Default_Handler
                0x08000da4        0x2 ./Core/Startup/startup_stm32h753zitx.o
                0x08000da4                RTC_Alarm_IRQHandler
                0x08000da4                HASH_RNG_IRQHandler
                0x08000da4                EXTI2_IRQHandler
                0x08000da4                TIM8_CC_IRQHandler
                0x08000da4                HRTIM1_Master_IRQHandler
                0x08000da4                UART8_IRQHandler
                0x08000da4                SPI4_IRQHandler
                0x08000da4                TIM1_CC_IRQHandler
                0x08000da4                BDMA_Channel6_IRQHandler
                0x08000da4                DMA2_Stream5_IRQHandler
                0x08000da4                HRTIM1_FLT_IRQHandler
                0x08000da4                JPEG_IRQHandler
                0x08000da4                DMA1_Stream5_IRQHandler
                0x08000da4                BDMA_Channel1_IRQHandler
                0x08000da4                HRTIM1_TIMD_IRQHandler
                0x08000da4                TAMP_STAMP_IRQHandler
                0x08000da4                EXTI3_IRQHandler
                0x08000da4                LPTIM4_IRQHandler
                0x08000da4                TIM8_TRG_COM_TIM14_IRQHandler
                0x08000da4                LPTIM2_IRQHandler
                0x08000da4                DFSDM1_FLT1_IRQHandler
                0x08000da4                DMAMUX2_OVR_IRQHandler
                0x08000da4                TIM8_UP_TIM13_IRQHandler
                0x08000da4                I2C3_ER_IRQHandler
                0x08000da4                DFSDM1_FLT2_IRQHandler
                0x08000da4                MDMA_IRQHandler
                0x08000da4                LPTIM3_IRQHandler
                0x08000da4                HSEM1_IRQHandler
                0x08000da4                EXTI0_IRQHandler
                0x08000da4                I2C2_EV_IRQHandler
                0x08000da4                DMA1_Stream2_IRQHandler
                0x08000da4                FPU_IRQHandler
                0x08000da4                OTG_HS_WKUP_IRQHandler
                0x08000da4                FDCAN1_IT1_IRQHandler
                0x08000da4                LTDC_ER_IRQHandler
                0x08000da4                DMA2_Stream2_IRQHandler
                0x08000da4                HRTIM1_TIME_IRQHandler
                0x08000da4                SPI1_IRQHandler
                0x08000da4                TIM6_DAC_IRQHandler
                0x08000da4                DCMI_IRQHandler
                0x08000da4                HRTIM1_TIMC_IRQHandler
                0x08000da4                DMA2_Stream3_IRQHandler
                0x08000da4                SAI2_IRQHandler
                0x08000da4                DFSDM1_FLT3_IRQHandler
                0x08000da4                USART6_IRQHandler
                0x08000da4                TIM17_IRQHandler
                0x08000da4                USART3_IRQHandler
                0x08000da4                BDMA_Channel7_IRQHandler
                0x08000da4                CRYP_IRQHandler
                0x08000da4                LPTIM5_IRQHandler
                0x08000da4                UART5_IRQHandler
                0x08000da4                ADC3_IRQHandler
                0x08000da4                DMA2_Stream0_IRQHandler
                0x08000da4                TIM4_IRQHandler
                0x08000da4                BDMA_Channel2_IRQHandler
                0x08000da4                QUADSPI_IRQHandler
                0x08000da4                I2C1_EV_IRQHandler
                0x08000da4                DMA1_Stream6_IRQHandler
                0x08000da4                DMAMUX1_OVR_IRQHandler
                0x08000da4                DMA1_Stream1_IRQHandler
                0x08000da4                TIM16_IRQHandler
                0x08000da4                UART4_IRQHandler
                0x08000da4                BDMA_Channel5_IRQHandler
                0x08000da4                TIM3_IRQHandler
                0x08000da4                RCC_IRQHandler
                0x08000da4                TIM8_BRK_TIM12_IRQHandler
                0x08000da4                TIM1_TRG_COM_IRQHandler
                0x08000da4                Default_Handler
                0x08000da4                ECC_IRQHandler
                0x08000da4                CEC_IRQHandler
                0x08000da4                BDMA_Channel0_IRQHandler
                0x08000da4                ADC_IRQHandler
                0x08000da4                DMA1_Stream7_IRQHandler
                0x08000da4                HRTIM1_TIMA_IRQHandler
                0x08000da4                SPI5_IRQHandler
                0x08000da4                TIM7_IRQHandler
                0x08000da4                SDMMC1_IRQHandler
                0x08000da4                TIM5_IRQHandler
                0x08000da4                DMA2_Stream7_IRQHandler
                0x08000da4                TIM15_IRQHandler
                0x08000da4                PVD_AVD_IRQHandler
                0x08000da4                I2C3_EV_IRQHandler
                0x08000da4                EXTI9_5_IRQHandler
                0x08000da4                RTC_WKUP_IRQHandler
                0x08000da4                LTDC_IRQHandler
                0x08000da4                SAI3_IRQHandler
                0x08000da4                ETH_WKUP_IRQHandler
                0x08000da4                SPDIF_RX_IRQHandler
                0x08000da4                SPI2_IRQHandler
                0x08000da4                OTG_HS_EP1_IN_IRQHandler
                0x08000da4                DMA1_Stream0_IRQHandler
                0x08000da4                CRS_IRQHandler
                0x08000da4                EXTI4_IRQHandler
                0x08000da4                HRTIM1_TIMB_IRQHandler
                0x08000da4                FDCAN2_IT1_IRQHandler
                0x08000da4                ETH_IRQHandler
                0x08000da4                TIM1_UP_IRQHandler
                0x08000da4                BDMA_Channel4_IRQHandler
                0x08000da4                OTG_HS_EP1_OUT_IRQHandler
                0x08000da4                WWDG_IRQHandler
                0x08000da4                SPI6_IRQHandler
                0x08000da4                MDIOS_IRQHandler
                0x08000da4                I2C4_EV_IRQHandler
                0x08000da4                FDCAN2_IT0_IRQHandler
                0x08000da4                LPUART1_IRQHandler
                0x08000da4                FDCAN1_IT0_IRQHandler
                0x08000da4                TIM2_IRQHandler
                0x08000da4                OTG_FS_WKUP_IRQHandler
                0x08000da4                OTG_HS_IRQHandler
                0x08000da4                DMA2D_IRQHandler
                0x08000da4                TIM1_BRK_IRQHandler
                0x08000da4                EXTI1_IRQHandler
                0x08000da4                SDMMC2_IRQHandler
                0x08000da4                OTG_FS_EP1_OUT_IRQHandler
                0x08000da4                BDMA_Channel3_IRQHandler
                0x08000da4                UART7_IRQHandler
                0x08000da4                MDIOS_WKUP_IRQHandler
                0x08000da4                USART2_IRQHandler
                0x08000da4                DFSDM1_FLT0_IRQHandler
                0x08000da4                SAI4_IRQHandler
                0x08000da4                I2C2_ER_IRQHandler
                0x08000da4                DMA2_Stream1_IRQHandler
                0x08000da4                FLASH_IRQHandler
                0x08000da4                DMA2_Stream4_IRQHandler
                0x08000da4                USART1_IRQHandler
                0x08000da4                OTG_FS_IRQHandler
                0x08000da4                SPI3_IRQHandler
                0x08000da4                WAKEUP_PIN_IRQHandler
                0x08000da4                DMA1_Stream4_IRQHandler
                0x08000da4                OTG_FS_EP1_IN_IRQHandler
                0x08000da4                I2C1_ER_IRQHandler
                0x08000da4                FMC_IRQHandler
                0x08000da4                FDCAN_CAL_IRQHandler
                0x08000da4                SWPMI1_IRQHandler
                0x08000da4                COMP1_IRQHandler
                0x08000da4                LPTIM1_IRQHandler
                0x08000da4                I2C4_ER_IRQHandler
                0x08000da4                DMA2_Stream6_IRQHandler
                0x08000da4                SAI1_IRQHandler
                0x08000da4                DMA1_Stream3_IRQHandler
 *fill*         0x08000da6        0x2 
 .text.BSP_LED_Init
                0x08000da8       0x78 ./Drivers/BSP/STM32H7xx_Nucleo/stm32h7xx_nucleo.o
                0x08000da8                BSP_LED_Init
 .text.BSP_PB_Init
                0x08000e20       0x8c ./Drivers/BSP/STM32H7xx_Nucleo/stm32h7xx_nucleo.o
                0x08000e20                BSP_PB_Init
 .text.BSP_PB_IRQHandler
                0x08000eac       0x10 ./Drivers/BSP/STM32H7xx_Nucleo/stm32h7xx_nucleo.o
                0x08000eac                BSP_PB_IRQHandler
 .text.BSP_PB_Callback
                0x08000ebc        0x2 ./Drivers/BSP/STM32H7xx_Nucleo/stm32h7xx_nucleo.o
                0x08000ebc                BSP_PB_Callback
 .text.BUTTON_USER_EXTI_Callback
                0x08000ebe        0xa ./Drivers/BSP/STM32H7xx_Nucleo/stm32h7xx_nucleo.o
 .text.MX_USART3_Init
                0x08000ec8       0x2c ./Drivers/BSP/STM32H7xx_Nucleo/stm32h7xx_nucleo.o
                0x08000ec8                MX_USART3_Init
 .text.BSP_COM_Init
                0x08000ef4       0xac ./Drivers/BSP/STM32H7xx_Nucleo/stm32h7xx_nucleo.o
                0x08000ef4                BSP_COM_Init
 .text.__io_putchar
                0x08000fa0       0x2c ./Drivers/BSP/STM32H7xx_Nucleo/stm32h7xx_nucleo.o
                0x08000fa0                __io_putchar
 .text.HAL_InitTick
                0x08000fcc       0x4c ./Drivers/STM32H7xx_HAL_Driver/Src/stm32h7xx_hal.o
                0x08000fcc                HAL_InitTick
 .text.HAL_Init
                0x08001018       0x5c ./Drivers/STM32H7xx_HAL_Driver/Src/stm32h7xx_hal.o
                0x08001018                HAL_Init
 .text.HAL_IncTick
                0x08001074       0x18 ./Drivers/STM32H7xx_HAL_Driver/Src/stm32h7xx_hal.o
                0x08001074                HAL_IncTick
 .text.HAL_GetTick
                0x0800108c        0xc ./Drivers/STM32H7xx_HAL_Driver/Src/stm32h7xx_hal.o
                0x0800108c                HAL_GetTick
 .text.HAL_Delay
                0x08001098       0x24 ./Drivers/STM32H7xx_HAL_Driver/Src/stm32h7xx_hal.o
                0x08001098                HAL_Delay
 .text.HAL_GetREVID
                0x080010bc        0xc ./Drivers/STM32H7xx_HAL_Driver/Src/stm32h7xx_hal.o
                0x080010bc                HAL_GetREVID
 .text.LL_ADC_IsEnabled
                0x080010c8        0x8 ./Drivers/STM32H7xx_HAL_Driver/Src/stm32h7xx_hal_adc.o
 .text.LL_ADC_REG_IsConversionOngoing
                0x080010d0        0x8 ./Drivers/STM32H7xx_HAL_Driver/Src/stm32h7xx_hal_adc.o
 .text.HAL_ADC_PollForConversion
                0x080010d8      0x118 ./Drivers/STM32H7xx_HAL_Driver/Src/stm32h7xx_hal_adc.o
                0x080010d8                HAL_ADC_PollForConversion
 .text.HAL_ADC_GetValue
                0x080011f0        0x6 ./Drivers/STM32H7xx_HAL_Driver/Src/stm32h7xx_hal_adc.o
                0x080011f0                HAL_ADC_GetValue
 *fill*         0x080011f6        0x2 
 .text.HAL_ADC_ConfigChannel
                0x080011f8      0x3fc ./Drivers/STM32H7xx_HAL_Driver/Src/stm32h7xx_hal_adc.o
                0x080011f8                HAL_ADC_ConfigChannel
 .text.ADC_Enable
                0x080015f4       0xac ./Drivers/STM32H7xx_HAL_Driver/Src/stm32h7xx_hal_adc.o
                0x080015f4                ADC_Enable
 .text.HAL_ADC_Start
                0x080016a0       0xfc ./Drivers/STM32H7xx_HAL_Driver/Src/stm32h7xx_hal_adc.o
                0x080016a0                HAL_ADC_Start
 .text.ADC_ConfigureBoostMode
                0x0800179c      0x12c ./Drivers/STM32H7xx_HAL_Driver/Src/stm32h7xx_hal_adc.o
                0x0800179c                ADC_ConfigureBoostMode
 .text.HAL_ADC_Init
                0x080018c8      0x210 ./Drivers/STM32H7xx_HAL_Driver/Src/stm32h7xx_hal_adc.o
                0x080018c8                HAL_ADC_Init
 .text.LL_ADC_IsEnabled
                0x08001ad8        0x8 ./Drivers/STM32H7xx_HAL_Driver/Src/stm32h7xx_hal_adc_ex.o
 .text.LL_ADC_REG_IsConversionOngoing
                0x08001ae0        0x8 ./Drivers/STM32H7xx_HAL_Driver/Src/stm32h7xx_hal_adc_ex.o
 .text.HAL_ADCEx_MultiModeConfigChannel
                0x08001ae8       0xcc ./Drivers/STM32H7xx_HAL_Driver/Src/stm32h7xx_hal_adc_ex.o
                0x08001ae8                HAL_ADCEx_MultiModeConfigChannel
 .text.HAL_NVIC_SetPriorityGrouping
                0x08001bb4       0x24 ./Drivers/STM32H7xx_HAL_Driver/Src/stm32h7xx_hal_cortex.o
                0x08001bb4                HAL_NVIC_SetPriorityGrouping
 .text.HAL_NVIC_SetPriority
                0x08001bd8       0x64 ./Drivers/STM32H7xx_HAL_Driver/Src/stm32h7xx_hal_cortex.o
                0x08001bd8                HAL_NVIC_SetPriority
 .text.HAL_NVIC_EnableIRQ
                0x08001c3c       0x1c ./Drivers/STM32H7xx_HAL_Driver/Src/stm32h7xx_hal_cortex.o
                0x08001c3c                HAL_NVIC_EnableIRQ
 .text.HAL_SYSTICK_Config
                0x08001c58       0x28 ./Drivers/STM32H7xx_HAL_Driver/Src/stm32h7xx_hal_cortex.o
                0x08001c58                HAL_SYSTICK_Config
 .text.HAL_EXTI_RegisterCallback
                0x08001c80        0xe ./Drivers/STM32H7xx_HAL_Driver/Src/stm32h7xx_hal_exti.o
                0x08001c80                HAL_EXTI_RegisterCallback
 .text.HAL_EXTI_GetHandle
                0x08001c8e        0xc ./Drivers/STM32H7xx_HAL_Driver/Src/stm32h7xx_hal_exti.o
                0x08001c8e                HAL_EXTI_GetHandle
 .text.HAL_EXTI_IRQHandler
                0x08001c9a       0x28 ./Drivers/STM32H7xx_HAL_Driver/Src/stm32h7xx_hal_exti.o
                0x08001c9a                HAL_EXTI_IRQHandler
 *fill*         0x08001cc2        0x2 
 .text.FDCAN_CopyMessageToRAM
                0x08001cc4       0x7c ./Drivers/STM32H7xx_HAL_Driver/Src/stm32h7xx_hal_fdcan.o
 .text.HAL_FDCAN_Init
                0x08001d40      0x3d4 ./Drivers/STM32H7xx_HAL_Driver/Src/stm32h7xx_hal_fdcan.o
                0x08001d40                HAL_FDCAN_Init
 .text.HAL_FDCAN_Start
                0x08002114       0x32 ./Drivers/STM32H7xx_HAL_Driver/Src/stm32h7xx_hal_fdcan.o
                0x08002114                HAL_FDCAN_Start
 .text.HAL_FDCAN_AddMessageToTxFifoQ
                0x08002146       0x64 ./Drivers/STM32H7xx_HAL_Driver/Src/stm32h7xx_hal_fdcan.o
                0x08002146                HAL_FDCAN_AddMessageToTxFifoQ
 *fill*         0x080021aa        0x2 
 .text.HAL_GPIO_Init
                0x080021ac      0x1d0 ./Drivers/STM32H7xx_HAL_Driver/Src/stm32h7xx_hal_gpio.o
                0x080021ac                HAL_GPIO_Init
 .text.HAL_GPIO_WritePin
                0x0800237c        0xa ./Drivers/STM32H7xx_HAL_Driver/Src/stm32h7xx_hal_gpio.o
                0x0800237c                HAL_GPIO_WritePin
 .text.HAL_GPIO_TogglePin
                0x08002386       0x12 ./Drivers/STM32H7xx_HAL_Driver/Src/stm32h7xx_hal_gpio.o
                0x08002386                HAL_GPIO_TogglePin
 .text.HAL_PWREx_ConfigSupply
                0x08002398       0x48 ./Drivers/STM32H7xx_HAL_Driver/Src/stm32h7xx_hal_pwr_ex.o
                0x08002398                HAL_PWREx_ConfigSupply
 .text.HAL_RCC_OscConfig
                0x080023e0      0x550 ./Drivers/STM32H7xx_HAL_Driver/Src/stm32h7xx_hal_rcc.o
                0x080023e0                HAL_RCC_OscConfig
 .text.HAL_RCC_GetSysClockFreq
                0x08002930      0x144 ./Drivers/STM32H7xx_HAL_Driver/Src/stm32h7xx_hal_rcc.o
                0x08002930                HAL_RCC_GetSysClockFreq
 .text.HAL_RCC_ClockConfig
                0x08002a74      0x24c ./Drivers/STM32H7xx_HAL_Driver/Src/stm32h7xx_hal_rcc.o
                0x08002a74                HAL_RCC_ClockConfig
 .text.HAL_RCC_GetHCLKFreq
                0x08002cc0       0x44 ./Drivers/STM32H7xx_HAL_Driver/Src/stm32h7xx_hal_rcc.o
                0x08002cc0                HAL_RCC_GetHCLKFreq
 .text.HAL_RCC_GetPCLK1Freq
                0x08002d04       0x24 ./Drivers/STM32H7xx_HAL_Driver/Src/stm32h7xx_hal_rcc.o
                0x08002d04                HAL_RCC_GetPCLK1Freq
 .text.HAL_RCC_GetPCLK2Freq
                0x08002d28       0x24 ./Drivers/STM32H7xx_HAL_Driver/Src/stm32h7xx_hal_rcc.o
                0x08002d28                HAL_RCC_GetPCLK2Freq
 .text.RCCEx_PLL2_Config
                0x08002d4c       0xec ./Drivers/STM32H7xx_HAL_Driver/Src/stm32h7xx_hal_rcc_ex.o
 .text.RCCEx_PLL3_Config
                0x08002e38       0xec ./Drivers/STM32H7xx_HAL_Driver/Src/stm32h7xx_hal_rcc_ex.o
 .text.HAL_RCCEx_PeriphCLKConfig
                0x08002f24      0x9cc ./Drivers/STM32H7xx_HAL_Driver/Src/stm32h7xx_hal_rcc_ex.o
                0x08002f24                HAL_RCCEx_PeriphCLKConfig
 .text.HAL_RCCEx_GetD3PCLK1Freq
                0x080038f0       0x24 ./Drivers/STM32H7xx_HAL_Driver/Src/stm32h7xx_hal_rcc_ex.o
                0x080038f0                HAL_RCCEx_GetD3PCLK1Freq
 .text.HAL_RCCEx_GetPLL2ClockFreq
                0x08003914      0x154 ./Drivers/STM32H7xx_HAL_Driver/Src/stm32h7xx_hal_rcc_ex.o
                0x08003914                HAL_RCCEx_GetPLL2ClockFreq
 .text.HAL_RCCEx_GetPLL3ClockFreq
                0x08003a68      0x154 ./Drivers/STM32H7xx_HAL_Driver/Src/stm32h7xx_hal_rcc_ex.o
                0x08003a68                HAL_RCCEx_GetPLL3ClockFreq
 .text.HAL_RCCEx_GetPLL1ClockFreq
                0x08003bbc      0x154 ./Drivers/STM32H7xx_HAL_Driver/Src/stm32h7xx_hal_rcc_ex.o
                0x08003bbc                HAL_RCCEx_GetPLL1ClockFreq
 .text.HAL_RCCEx_GetPeriphCLKFreq
                0x08003d10      0x2d0 ./Drivers/STM32H7xx_HAL_Driver/Src/stm32h7xx_hal_rcc_ex.o
                0x08003d10                HAL_RCCEx_GetPeriphCLKFreq
 .text.UART_EndRxTransfer
                0x08003fe0       0x58 ./Drivers/STM32H7xx_HAL_Driver/Src/stm32h7xx_hal_uart.o
 .text.HAL_UART_MspInit
                0x08004038        0x2 ./Drivers/STM32H7xx_HAL_Driver/Src/stm32h7xx_hal_uart.o
                0x08004038                HAL_UART_MspInit
 *fill*         0x0800403a        0x2 
 .text.UART_SetConfig
                0x0800403c      0x2fc ./Drivers/STM32H7xx_HAL_Driver/Src/stm32h7xx_hal_uart.o
                0x0800403c                UART_SetConfig
 .text.UART_AdvFeatureConfig
                0x08004338       0xaa ./Drivers/STM32H7xx_HAL_Driver/Src/stm32h7xx_hal_uart.o
                0x08004338                UART_AdvFeatureConfig
 .text.UART_WaitOnFlagUntilTimeout
                0x080043e2       0x90 ./Drivers/STM32H7xx_HAL_Driver/Src/stm32h7xx_hal_uart.o
                0x080043e2                UART_WaitOnFlagUntilTimeout
 .text.HAL_UART_Transmit
                0x08004472       0xaa ./Drivers/STM32H7xx_HAL_Driver/Src/stm32h7xx_hal_uart.o
                0x08004472                HAL_UART_Transmit
 .text.UART_CheckIdleState
                0x0800451c       0xb6 ./Drivers/STM32H7xx_HAL_Driver/Src/stm32h7xx_hal_uart.o
                0x0800451c                UART_CheckIdleState
 .text.HAL_UART_Init
                0x080045d2       0x60 ./Drivers/STM32H7xx_HAL_Driver/Src/stm32h7xx_hal_uart.o
                0x080045d2                HAL_UART_Init
 *fill*         0x08004632        0x2 
 .text.std      0x08004634       0x6c /opt/st/stm32cubeide_1.19.0/plugins/com.st.stm32cube.ide.mcu.externaltools.gnu-tools-for-stm32.13.3.rel1.linux64_1.0.0.202410170706/tools/bin/../lib/gcc/arm-none-eabi/13.3.1/../../../../arm-none-eabi/lib/thumb/v7e-m+dp/hard/libc_nano.a(libc_a-findfp.o)
 .text.stdio_exit_handler
                0x080046a0       0x18 /opt/st/stm32cubeide_1.19.0/plugins/com.st.stm32cube.ide.mcu.externaltools.gnu-tools-for-stm32.13.3.rel1.linux64_1.0.0.202410170706/tools/bin/../lib/gcc/arm-none-eabi/13.3.1/../../../../arm-none-eabi/lib/thumb/v7e-m+dp/hard/libc_nano.a(libc_a-findfp.o)
 .text.cleanup_stdio
                0x080046b8       0x40 /opt/st/stm32cubeide_1.19.0/plugins/com.st.stm32cube.ide.mcu.externaltools.gnu-tools-for-stm32.13.3.rel1.linux64_1.0.0.202410170706/tools/bin/../lib/gcc/arm-none-eabi/13.3.1/../../../../arm-none-eabi/lib/thumb/v7e-m+dp/hard/libc_nano.a(libc_a-findfp.o)
 .text.global_stdio_init.part.0
                0x080046f8       0x3c /opt/st/stm32cubeide_1.19.0/plugins/com.st.stm32cube.ide.mcu.externaltools.gnu-tools-for-stm32.13.3.rel1.linux64_1.0.0.202410170706/tools/bin/../lib/gcc/arm-none-eabi/13.3.1/../../../../arm-none-eabi/lib/thumb/v7e-m+dp/hard/libc_nano.a(libc_a-findfp.o)
 .text.__sfp_lock_acquire
                0x08004734        0xc /opt/st/stm32cubeide_1.19.0/plugins/com.st.stm32cube.ide.mcu.externaltools.gnu-tools-for-stm32.13.3.rel1.linux64_1.0.0.202410170706/tools/bin/../lib/gcc/arm-none-eabi/13.3.1/../../../../arm-none-eabi/lib/thumb/v7e-m+dp/hard/libc_nano.a(libc_a-findfp.o)
                0x08004734                __sfp_lock_acquire
 .text.__sfp_lock_release
                0x08004740        0xc /opt/st/stm32cubeide_1.19.0/plugins/com.st.stm32cube.ide.mcu.externaltools.gnu-tools-for-stm32.13.3.rel1.linux64_1.0.0.202410170706/tools/bin/../lib/gcc/arm-none-eabi/13.3.1/../../../../arm-none-eabi/lib/thumb/v7e-m+dp/hard/libc_nano.a(libc_a-findfp.o)
                0x08004740                __sfp_lock_release
 .text.__sinit  0x0800474c       0x30 /opt/st/stm32cubeide_1.19.0/plugins/com.st.stm32cube.ide.mcu.externaltools.gnu-tools-for-stm32.13.3.rel1.linux64_1.0.0.202410170706/tools/bin/../lib/gcc/arm-none-eabi/13.3.1/../../../../arm-none-eabi/lib/thumb/v7e-m+dp/hard/libc_nano.a(libc_a-findfp.o)
                0x0800474c                __sinit
 .text._fwalk_sglue
                0x0800477c       0x3c /opt/st/stm32cubeide_1.19.0/plugins/com.st.stm32cube.ide.mcu.externaltools.gnu-tools-for-stm32.13.3.rel1.linux64_1.0.0.202410170706/tools/bin/../lib/gcc/arm-none-eabi/13.3.1/../../../../arm-none-eabi/lib/thumb/v7e-m+dp/hard/libc_nano.a(libc_a-fwalk.o)
                0x0800477c                _fwalk_sglue
 .text._puts_r  0x080047b8       0xaa /opt/st/stm32cubeide_1.19.0/plugins/com.st.stm32cube.ide.mcu.externaltools.gnu-tools-for-stm32.13.3.rel1.linux64_1.0.0.202410170706/tools/bin/../lib/gcc/arm-none-eabi/13.3.1/../../../../arm-none-eabi/lib/thumb/v7e-m+dp/hard/libc_nano.a(libc_a-puts.o)
                0x080047b8                _puts_r
 *fill*         0x08004862        0x2 
 .text.puts     0x08004864       0x10 /opt/st/stm32cubeide_1.19.0/plugins/com.st.stm32cube.ide.mcu.externaltools.gnu-tools-for-stm32.13.3.rel1.linux64_1.0.0.202410170706/tools/bin/../lib/gcc/arm-none-eabi/13.3.1/../../../../arm-none-eabi/lib/thumb/v7e-m+dp/hard/libc_nano.a(libc_a-puts.o)
                0x08004864                puts
 .text.__sread  0x08004874       0x22 /opt/st/stm32cubeide_1.19.0/plugins/com.st.stm32cube.ide.mcu.externaltools.gnu-tools-for-stm32.13.3.rel1.linux64_1.0.0.202410170706/tools/bin/../lib/gcc/arm-none-eabi/13.3.1/../../../../arm-none-eabi/lib/thumb/v7e-m+dp/hard/libc_nano.a(libc_a-stdio.o)
                0x08004874                __sread
 .text.__swrite
                0x08004896       0x38 /opt/st/stm32cubeide_1.19.0/plugins/com.st.stm32cube.ide.mcu.externaltools.gnu-tools-for-stm32.13.3.rel1.linux64_1.0.0.202410170706/tools/bin/../lib/gcc/arm-none-eabi/13.3.1/../../../../arm-none-eabi/lib/thumb/v7e-m+dp/hard/libc_nano.a(libc_a-stdio.o)
                0x08004896                __swrite
 .text.__sseek  0x080048ce       0x24 /opt/st/stm32cubeide_1.19.0/plugins/com.st.stm32cube.ide.mcu.externaltools.gnu-tools-for-stm32.13.3.rel1.linux64_1.0.0.202410170706/tools/bin/../lib/gcc/arm-none-eabi/13.3.1/../../../../arm-none-eabi/lib/thumb/v7e-m+dp/hard/libc_nano.a(libc_a-stdio.o)
                0x080048ce                __sseek
 .text.__sclose
                0x080048f2        0x8 /opt/st/stm32cubeide_1.19.0/plugins/com.st.stm32cube.ide.mcu.externaltools.gnu-tools-for-stm32.13.3.rel1.linux64_1.0.0.202410170706/tools/bin/../lib/gcc/arm-none-eabi/13.3.1/../../../../arm-none-eabi/lib/thumb/v7e-m+dp/hard/libc_nano.a(libc_a-stdio.o)
                0x080048f2                __sclose
 .text.__swbuf_r
                0x080048fa       0x7c /opt/st/stm32cubeide_1.19.0/plugins/com.st.stm32cube.ide.mcu.externaltools.gnu-tools-for-stm32.13.3.rel1.linux64_1.0.0.202410170706/tools/bin/../lib/gcc/arm-none-eabi/13.3.1/../../../../arm-none-eabi/lib/thumb/v7e-m+dp/hard/libc_nano.a(libc_a-wbuf.o)
                0x080048fa                __swbuf_r
 *fill*         0x08004976        0x2 
 .text.__swsetup_r
                0x08004978       0xac /opt/st/stm32cubeide_1.19.0/plugins/com.st.stm32cube.ide.mcu.externaltools.gnu-tools-for-stm32.13.3.rel1.linux64_1.0.0.202410170706/tools/bin/../lib/gcc/arm-none-eabi/13.3.1/../../../../arm-none-eabi/lib/thumb/v7e-m+dp/hard/libc_nano.a(libc_a-wsetup.o)
                0x08004978                __swsetup_r
 .text.memset   0x08004a24       0x10 /opt/st/stm32cubeide_1.19.0/plugins/com.st.stm32cube.ide.mcu.externaltools.gnu-tools-for-stm32.13.3.rel1.linux64_1.0.0.202410170706/tools/bin/../lib/gcc/arm-none-eabi/13.3.1/../../../../arm-none-eabi/lib/thumb/v7e-m+dp/hard/libc_nano.a(libc_a-memset.o)
                0x08004a24                memset
 .text._close_r
                0x08004a34       0x20 /opt/st/stm32cubeide_1.19.0/plugins/com.st.stm32cube.ide.mcu.externaltools.gnu-tools-for-stm32.13.3.rel1.linux64_1.0.0.202410170706/tools/bin/../lib/gcc/arm-none-eabi/13.3.1/../../../../arm-none-eabi/lib/thumb/v7e-m+dp/hard/libc_nano.a(libc_a-closer.o)
                0x08004a34                _close_r
 .text._lseek_r
                0x08004a54       0x24 /opt/st/stm32cubeide_1.19.0/plugins/com.st.stm32cube.ide.mcu.externaltools.gnu-tools-for-stm32.13.3.rel1.linux64_1.0.0.202410170706/tools/bin/../lib/gcc/arm-none-eabi/13.3.1/../../../../arm-none-eabi/lib/thumb/v7e-m+dp/hard/libc_nano.a(libc_a-lseekr.o)
                0x08004a54                _lseek_r
 .text._read_r  0x08004a78       0x24 /opt/st/stm32cubeide_1.19.0/plugins/com.st.stm32cube.ide.mcu.externaltools.gnu-tools-for-stm32.13.3.rel1.linux64_1.0.0.202410170706/tools/bin/../lib/gcc/arm-none-eabi/13.3.1/../../../../arm-none-eabi/lib/thumb/v7e-m+dp/hard/libc_nano.a(libc_a-readr.o)
                0x08004a78                _read_r
 .text._write_r
                0x08004a9c       0x24 /opt/st/stm32cubeide_1.19.0/plugins/com.st.stm32cube.ide.mcu.externaltools.gnu-tools-for-stm32.13.3.rel1.linux64_1.0.0.202410170706/tools/bin/../lib/gcc/arm-none-eabi/13.3.1/../../../../arm-none-eabi/lib/thumb/v7e-m+dp/hard/libc_nano.a(libc_a-writer.o)
                0x08004a9c                _write_r
 .text.__errno  0x08004ac0        0xc /opt/st/stm32cubeide_1.19.0/plugins/com.st.stm32cube.ide.mcu.externaltools.gnu-tools-for-stm32.13.3.rel1.linux64_1.0.0.202410170706/tools/bin/../lib/gcc/arm-none-eabi/13.3.1/../../../../arm-none-eabi/lib/thumb/v7e-m+dp/hard/libc_nano.a(libc_a-errno.o)
                0x08004ac0                __errno
 .text.__libc_init_array
                0x08004acc       0x48 /opt/st/stm32cubeide_1.19.0/plugins/com.st.stm32cube.ide.mcu.externaltools.gnu-tools-for-stm32.13.3.rel1.linux64_1.0.0.202410170706/tools/bin/../lib/gcc/arm-none-eabi/13.3.1/../../../../arm-none-eabi/lib/thumb/v7e-m+dp/hard/libc_nano.a(libc_a-init.o)
                0x08004acc                __libc_init_array
 .text.__retarget_lock_init_recursive
                0x08004b14        0x2 /opt/st/stm32cubeide_1.19.0/plugins/com.st.stm32cube.ide.mcu.externaltools.gnu-tools-for-stm32.13.3.rel1.linux64_1.0.0.202410170706/tools/bin/../lib/gcc/arm-none-eabi/13.3.1/../../../../arm-none-eabi/lib/thumb/v7e-m+dp/hard/libc_nano.a(libc_a-lock.o)
                0x08004b14                __retarget_lock_init_recursive
 .text.__retarget_lock_acquire_recursive
                0x08004b16        0x2 /opt/st/stm32cubeide_1.19.0/plugins/com.st.stm32cube.ide.mcu.externaltools.gnu-tools-for-stm32.13.3.rel1.linux64_1.0.0.202410170706/tools/bin/../lib/gcc/arm-none-eabi/13.3.1/../../../../arm-none-eabi/lib/thumb/v7e-m+dp/hard/libc_nano.a(libc_a-lock.o)
                0x08004b16                __retarget_lock_acquire_recursive
 .text.__retarget_lock_release_recursive
                0x08004b18        0x2 /opt/st/stm32cubeide_1.19.0/plugins/com.st.stm32cube.ide.mcu.externaltools.gnu-tools-for-stm32.13.3.rel1.linux64_1.0.0.202410170706/tools/bin/../lib/gcc/arm-none-eabi/13.3.1/../../../../arm-none-eabi/lib/thumb/v7e-m+dp/hard/libc_nano.a(libc_a-lock.o)
                0x08004b18                __retarget_lock_release_recursive
 .text.memcpy   0x08004b1a       0x1c /opt/st/stm32cubeide_1.19.0/plugins/com.st.stm32cube.ide.mcu.externaltools.gnu-tools-for-stm32.13.3.rel1.linux64_1.0.0.202410170706/tools/bin/../lib/gcc/arm-none-eabi/13.3.1/../../../../arm-none-eabi/lib/thumb/v7e-m+dp/hard/libc_nano.a(libc_a-memcpy-stub.o)
                0x08004b1a                memcpy
 *fill*         0x08004b36        0x2 
 .text._free_r  0x08004b38       0x94 /opt/st/stm32cubeide_1.19.0/plugins/com.st.stm32cube.ide.mcu.externaltools.gnu-tools-for-stm32.13.3.rel1.linux64_1.0.0.202410170706/tools/bin/../lib/gcc/arm-none-eabi/13.3.1/../../../../arm-none-eabi/lib/thumb/v7e-m+dp/hard/libc_nano.a(libc_a-freer.o)
                0x08004b38                _free_r
 .text.sbrk_aligned
                0x08004bcc       0x44 /opt/st/stm32cubeide_1.19.0/plugins/com.st.stm32cube.ide.mcu.externaltools.gnu-tools-for-stm32.13.3.rel1.linux64_1.0.0.202410170706/tools/bin/../lib/gcc/arm-none-eabi/13.3.1/../../../../arm-none-eabi/lib/thumb/v7e-m+dp/hard/libc_nano.a(libc_a-mallocr.o)
 .text._malloc_r
                0x08004c10      0x100 /opt/st/stm32cubeide_1.19.0/plugins/com.st.stm32cube.ide.mcu.externaltools.gnu-tools-for-stm32.13.3.rel1.linux64_1.0.0.202410170706/tools/bin/../lib/gcc/arm-none-eabi/13.3.1/../../../../arm-none-eabi/lib/thumb/v7e-m+dp/hard/libc_nano.a(libc_a-mallocr.o)
                0x08004c10                _malloc_r
 .text.__malloc_lock
                0x08004d10        0xc /opt/st/stm32cubeide_1.19.0/plugins/com.st.stm32cube.ide.mcu.externaltools.gnu-tools-for-stm32.13.3.rel1.linux64_1.0.0.202410170706/tools/bin/../lib/gcc/arm-none-eabi/13.3.1/../../../../arm-none-eabi/lib/thumb/v7e-m+dp/hard/libc_nano.a(libc_a-mlock.o)
                0x08004d10                __malloc_lock
 .text.__malloc_unlock
                0x08004d1c        0xc /opt/st/stm32cubeide_1.19.0/plugins/com.st.stm32cube.ide.mcu.externaltools.gnu-tools-for-stm32.13.3.rel1.linux64_1.0.0.202410170706/tools/bin/../lib/gcc/arm-none-eabi/13.3.1/../../../../arm-none-eabi/lib/thumb/v7e-m+dp/hard/libc_nano.a(libc_a-mlock.o)
                0x08004d1c                __malloc_unlock
 .text.__sflush_r
                0x08004d28      0x108 /opt/st/stm32cubeide_1.19.0/plugins/com.st.stm32cube.ide.mcu.externaltools.gnu-tools-for-stm32.13.3.rel1.linux64_1.0.0.202410170706/tools/bin/../lib/gcc/arm-none-eabi/13.3.1/../../../../arm-none-eabi/lib/thumb/v7e-m+dp/hard/libc_nano.a(libc_a-fflush.o)
                0x08004d28                __sflush_r
 .text._fflush_r
                0x08004e30       0x50 /opt/st/stm32cubeide_1.19.0/plugins/com.st.stm32cube.ide.mcu.externaltools.gnu-tools-for-stm32.13.3.rel1.linux64_1.0.0.202410170706/tools/bin/../lib/gcc/arm-none-eabi/13.3.1/../../../../arm-none-eabi/lib/thumb/v7e-m+dp/hard/libc_nano.a(libc_a-fflush.o)
                0x08004e30                _fflush_r
 .text.__swhatbuf_r
                0x08004e80       0x4c /opt/st/stm32cubeide_1.19.0/plugins/com.st.stm32cube.ide.mcu.externaltools.gnu-tools-for-stm32.13.3.rel1.linux64_1.0.0.202410170706/tools/bin/../lib/gcc/arm-none-eabi/13.3.1/../../../../arm-none-eabi/lib/thumb/v7e-m+dp/hard/libc_nano.a(libc_a-makebuf.o)
                0x08004e80                __swhatbuf_r
 .text.__smakebuf_r
                0x08004ecc       0x78 /opt/st/stm32cubeide_1.19.0/plugins/com.st.stm32cube.ide.mcu.externaltools.gnu-tools-for-stm32.13.3.rel1.linux64_1.0.0.202410170706/tools/bin/../lib/gcc/arm-none-eabi/13.3.1/../../../../arm-none-eabi/lib/thumb/v7e-m+dp/hard/libc_nano.a(libc_a-makebuf.o)
                0x08004ecc                __smakebuf_r
 .text._fstat_r
                0x08004f44       0x24 /opt/st/stm32cubeide_1.19.0/plugins/com.st.stm32cube.ide.mcu.externaltools.gnu-tools-for-stm32.13.3.rel1.linux64_1.0.0.202410170706/tools/bin/../lib/gcc/arm-none-eabi/13.3.1/../../../../arm-none-eabi/lib/thumb/v7e-m+dp/hard/libc_nano.a(libc_a-fstatr.o)
                0x08004f44                _fstat_r
 .text._isatty_r
                0x08004f68       0x20 /opt/st/stm32cubeide_1.19.0/plugins/com.st.stm32cube.ide.mcu.externaltools.gnu-tools-for-stm32.13.3.rel1.linux64_1.0.0.202410170706/tools/bin/../lib/gcc/arm-none-eabi/13.3.1/../../../../arm-none-eabi/lib/thumb/v7e-m+dp/hard/libc_nano.a(libc_a-isattyr.o)
                0x08004f68                _isatty_r
 .text._sbrk_r  0x08004f88       0x20 /opt/st/stm32cubeide_1.19.0/plugins/com.st.stm32cube.ide.mcu.externaltools.gnu-tools-for-stm32.13.3.rel1.linux64_1.0.0.202410170706/tools/bin/../lib/gcc/arm-none-eabi/13.3.1/../../../../arm-none-eabi/lib/thumb/v7e-m+dp/hard/libc_nano.a(libc_a-sbrkr.o)
                0x08004f88                _sbrk_r
 *(.glue_7)
 .glue_7        0x08004fa8        0x0 linker stubs
 *(.glue_7t)
 .glue_7t       0x08004fa8        0x0 linker stubs
 *(.eh_frame)
 .eh_frame      0x08004fa8        0x0 /opt/st/stm32cubeide_1.19.0/plugins/com.st.stm32cube.ide.mcu.externaltools.gnu-tools-for-stm32.13.3.rel1.linux64_1.0.0.202410170706/tools/bin/../lib/gcc/arm-none-eabi/13.3.1/thumb/v7e-m+dp/hard/crtbegin.o
 *(.init)
 .init          0x08004fa8        0x4 /opt/st/stm32cubeide_1.19.0/plugins/com.st.stm32cube.ide.mcu.externaltools.gnu-tools-for-stm32.13.3.rel1.linux64_1.0.0.202410170706/tools/bin/../lib/gcc/arm-none-eabi/13.3.1/thumb/v7e-m+dp/hard/crti.o
                0x08004fa8                _init
 .init          0x08004fac        0x8 /opt/st/stm32cubeide_1.19.0/plugins/com.st.stm32cube.ide.mcu.externaltools.gnu-tools-for-stm32.13.3.rel1.linux64_1.0.0.202410170706/tools/bin/../lib/gcc/arm-none-eabi/13.3.1/thumb/v7e-m+dp/hard/crtn.o
 *(.fini)
 .fini          0x08004fb4        0x4 /opt/st/stm32cubeide_1.19.0/plugins/com.st.stm32cube.ide.mcu.externaltools.gnu-tools-for-stm32.13.3.rel1.linux64_1.0.0.202410170706/tools/bin/../lib/gcc/arm-none-eabi/13.3.1/thumb/v7e-m+dp/hard/crti.o
                0x08004fb4                _fini
 .fini          0x08004fb8        0x8 /opt/st/stm32cubeide_1.19.0/plugins/com.st.stm32cube.ide.mcu.externaltools.gnu-tools-for-stm32.13.3.rel1.linux64_1.0.0.202410170706/tools/bin/../lib/gcc/arm-none-eabi/13.3.1/thumb/v7e-m+dp/hard/crtn.o
                0x08004fc0                        . = ALIGN (0x4)
                0x08004fc0                        _etext = .

.vfp11_veneer   0x08004fc0        0x0
 .vfp11_veneer  0x08004fc0        0x0 linker stubs

.v4_bx          0x08004fc0        0x0
 .v4_bx         0x08004fc0        0x0 linker stubs

.iplt           0x08004fc0        0x0
 .iplt          0x08004fc0        0x0 /opt/st/stm32cubeide_1.19.0/plugins/com.st.stm32cube.ide.mcu.externaltools.gnu-tools-for-stm32.13.3.rel1.linux64_1.0.0.202410170706/tools/bin/../lib/gcc/arm-none-eabi/13.3.1/thumb/v7e-m+dp/hard/crtbegin.o

.rodata         0x08004fc0       0xc0
                0x08004fc0                        . = ALIGN (0x4)
 *(.rodata)
 .rodata        0x08004fc0       0x4c ./Drivers/STM32H7xx_HAL_Driver/Src/stm32h7xx_hal_fdcan.o
 *(.rodata*)
 .rodata.main.str1.1
                0x0800500c       0x27 ./Core/Src/main.o
 .rodata.D1CorePrescTable
                0x08005033       0x10 ./Core/Src/system_stm32h7xx.o
                0x08005033                D1CorePrescTable
 *fill*         0x08005043        0x1 
 .rodata.LED_PIN
                0x08005044        0x6 ./Drivers/BSP/STM32H7xx_Nucleo/stm32h7xx_nucleo.o
 *fill*         0x0800504a        0x2 
 .rodata.LED_PORT
                0x0800504c        0xc ./Drivers/BSP/STM32H7xx_Nucleo/stm32h7xx_nucleo.o
 .rodata.DLCtoBytes
                0x08005058       0x10 ./Drivers/STM32H7xx_HAL_Driver/Src/stm32h7xx_hal_fdcan.o
 .rodata.UARTPrescTable
                0x08005068       0x18 ./Drivers/STM32H7xx_HAL_Driver/Src/stm32h7xx_hal_uart.o
                0x08005068                UARTPrescTable
                0x08005080                        . = ALIGN (0x4)

.ARM.extab
 *(.ARM.extab* .gnu.linkonce.armextab.*)

.ARM            0x08005080        0x8
                0x08005080                        __exidx_start = .
 *(.ARM.exidx*)
 .ARM.exidx     0x08005080        0x8 /opt/st/stm32cubeide_1.19.0/plugins/com.st.stm32cube.ide.mcu.externaltools.gnu-tools-for-stm32.13.3.rel1.linux64_1.0.0.202410170706/tools/bin/../lib/gcc/arm-none-eabi/13.3.1/thumb/v7e-m+dp/hard/libgcc.a(_udivmoddi4.o)
                0x08005088                        __exidx_end = .

.preinit_array  0x08005088        0x0
                0x08005088                        PROVIDE (__preinit_array_start = .)
 *(.preinit_array*)
                0x08005088                        PROVIDE (__preinit_array_end = .)

.init_array     0x08005088        0x4
                0x08005088                        PROVIDE (__init_array_start = .)
 *(SORT_BY_NAME(.init_array.*))
 *(.init_array*)
 .init_array    0x08005088        0x4 /opt/st/stm32cubeide_1.19.0/plugins/com.st.stm32cube.ide.mcu.externaltools.gnu-tools-for-stm32.13.3.rel1.linux64_1.0.0.202410170706/tools/bin/../lib/gcc/arm-none-eabi/13.3.1/thumb/v7e-m+dp/hard/crtbegin.o
                0x0800508c                        PROVIDE (__init_array_end = .)

.fini_array     0x0800508c        0x4
                [!provide]                        PROVIDE (__fini_array_start = .)
 *(SORT_BY_NAME(.fini_array.*))
 *(.fini_array*)
 .fini_array    0x0800508c        0x4 /opt/st/stm32cubeide_1.19.0/plugins/com.st.stm32cube.ide.mcu.externaltools.gnu-tools-for-stm32.13.3.rel1.linux64_1.0.0.202410170706/tools/bin/../lib/gcc/arm-none-eabi/13.3.1/thumb/v7e-m+dp/hard/crtbegin.o
                [!provide]                        PROVIDE (__fini_array_end = .)
                0x08005090                        _sidata = LOADADDR (.data)

.rel.dyn        0x08005090        0x0
 .rel.iplt      0x08005090        0x0 /opt/st/stm32cubeide_1.19.0/plugins/com.st.stm32cube.ide.mcu.externaltools.gnu-tools-for-stm32.13.3.rel1.linux64_1.0.0.202410170706/tools/bin/../lib/gcc/arm-none-eabi/13.3.1/thumb/v7e-m+dp/hard/crtbegin.o

.data           0x24000000       0x74 load address 0x08005090
                0x24000000                        . = ALIGN (0x4)
                0x24000000                        _sdata = .
 *(.data)
 *(.data*)
 .data.testinho
                0x24000000        0x4 ./Core/Src/main.o
                0x24000000                testinho
 .data.SystemD2Clock
                0x24000004        0x4 ./Core/Src/system_stm32h7xx.o
                0x24000004                SystemD2Clock
 .data.SystemCoreClock
                0x24000008        0x4 ./Core/Src/system_stm32h7xx.o
                0x24000008                SystemCoreClock
 .data.COM_USART
                0x2400000c        0x4 ./Drivers/BSP/STM32H7xx_Nucleo/stm32h7xx_nucleo.o
                0x2400000c                COM_USART
 .data.uwTickFreq
                0x24000010        0x1 ./Drivers/STM32H7xx_HAL_Driver/Src/stm32h7xx_hal.o
                0x24000010                uwTickFreq
 *fill*         0x24000011        0x3 
 .data.uwTickPrio
                0x24000014        0x4 ./Drivers/STM32H7xx_HAL_Driver/Src/stm32h7xx_hal.o
                0x24000014                uwTickPrio
 .data.__sglue  0x24000018        0xc /opt/st/stm32cubeide_1.19.0/plugins/com.st.stm32cube.ide.mcu.externaltools.gnu-tools-for-stm32.13.3.rel1.linux64_1.0.0.202410170706/tools/bin/../lib/gcc/arm-none-eabi/13.3.1/../../../../arm-none-eabi/lib/thumb/v7e-m+dp/hard/libc_nano.a(libc_a-findfp.o)
                0x24000018                __sglue
 .data._impure_ptr
                0x24000024        0x4 /opt/st/stm32cubeide_1.19.0/plugins/com.st.stm32cube.ide.mcu.externaltools.gnu-tools-for-stm32.13.3.rel1.linux64_1.0.0.202410170706/tools/bin/../lib/gcc/arm-none-eabi/13.3.1/../../../../arm-none-eabi/lib/thumb/v7e-m+dp/hard/libc_nano.a(libc_a-impure.o)
                0x24000024                _impure_ptr
 .data._impure_data
                0x24000028       0x4c /opt/st/stm32cubeide_1.19.0/plugins/com.st.stm32cube.ide.mcu.externaltools.gnu-tools-for-stm32.13.3.rel1.linux64_1.0.0.202410170706/tools/bin/../lib/gcc/arm-none-eabi/13.3.1/../../../../arm-none-eabi/lib/thumb/v7e-m+dp/hard/libc_nano.a(libc_a-impure.o)
                0x24000028                _impure_data
 *(.RamFunc)
 *(.RamFunc*)
                0x24000074                        . = ALIGN (0x4)
                0x24000074                        _edata = .

.igot.plt       0x24000074        0x0 load address 0x08005104
 .igot.plt      0x24000074        0x0 /opt/st/stm32cubeide_1.19.0/plugins/com.st.stm32cube.ide.mcu.externaltools.gnu-tools-for-stm32.13.3.rel1.linux64_1.0.0.202410170706/tools/bin/../lib/gcc/arm-none-eabi/13.3.1/thumb/v7e-m+dp/hard/crtbegin.o
                0x24000074                        . = ALIGN (0x4)

.bss            0x24000074      0x3fc load address 0x08005104
                0x24000074                        _sbss = .
                0x24000074                        __bss_start__ = _sbss
 *(.bss)
 .bss           0x24000074       0x1c /opt/st/stm32cubeide_1.19.0/plugins/com.st.stm32cube.ide.mcu.externaltools.gnu-tools-for-stm32.13.3.rel1.linux64_1.0.0.202410170706/tools/bin/../lib/gcc/arm-none-eabi/13.3.1/thumb/v7e-m+dp/hard/crtbegin.o
 *(.bss*)
 .bss.porc      0x24000090        0x4 ./Core/Src/main.o
                0x24000090                porc
 .bss.TxData    0x24000094        0x8 ./Core/Src/main.o
                0x24000094                TxData
 .bss.TxHeader  0x2400009c       0x24 ./Core/Src/main.o
                0x2400009c                TxHeader
 .bss.potenciometro
                0x240000c0        0x2 ./Core/Src/main.o
                0x240000c0                potenciometro
 *fill*         0x240000c2        0x2 
 .bss.hfdcan2   0x240000c4       0xa0 ./Core/Src/main.o
                0x240000c4                hfdcan2
 .bss.hfdcan1   0x24000164       0xa0 ./Core/Src/main.o
                0x24000164                hfdcan1
 .bss.hadc1     0x24000204       0x64 ./Core/Src/main.o
                0x24000204                hadc1
 .bss.BspCOMInit
                0x24000268       0x10 ./Core/Src/main.o
                0x24000268                BspCOMInit
 .bss.HAL_RCC_FDCAN_CLK_ENABLED
                0x24000278        0x4 ./Core/Src/stm32h7xx_hal_msp.o
 .bss.__sbrk_heap_end
                0x2400027c        0x4 ./Core/Src/sysmem.o
 .bss.COM_ActiveLogPort
                0x24000280        0x1 ./Drivers/BSP/STM32H7xx_Nucleo/stm32h7xx_nucleo.o
 *fill*         0x24000281        0x3 
 .bss.hcom_uart
                0x24000284       0x94 ./Drivers/BSP/STM32H7xx_Nucleo/stm32h7xx_nucleo.o
                0x24000284                hcom_uart
 .bss.hpb_exti  0x24000318        0x8 ./Drivers/BSP/STM32H7xx_Nucleo/stm32h7xx_nucleo.o
                0x24000318                hpb_exti
 .bss.uwTick    0x24000320        0x4 ./Drivers/STM32H7xx_HAL_Driver/Src/stm32h7xx_hal.o
                0x24000320                uwTick
 .bss.__sf      0x24000324      0x138 /opt/st/stm32cubeide_1.19.0/plugins/com.st.stm32cube.ide.mcu.externaltools.gnu-tools-for-stm32.13.3.rel1.linux64_1.0.0.202410170706/tools/bin/../lib/gcc/arm-none-eabi/13.3.1/../../../../arm-none-eabi/lib/thumb/v7e-m+dp/hard/libc_nano.a(libc_a-findfp.o)
                0x24000324                __sf
 .bss.__stdio_exit_handler
                0x2400045c        0x4 /opt/st/stm32cubeide_1.19.0/plugins/com.st.stm32cube.ide.mcu.externaltools.gnu-tools-for-stm32.13.3.rel1.linux64_1.0.0.202410170706/tools/bin/../lib/gcc/arm-none-eabi/13.3.1/../../../../arm-none-eabi/lib/thumb/v7e-m+dp/hard/libc_nano.a(libc_a-findfp.o)
                0x2400045c                __stdio_exit_handler
 .bss.errno     0x24000460        0x4 /opt/st/stm32cubeide_1.19.0/plugins/com.st.stm32cube.ide.mcu.externaltools.gnu-tools-for-stm32.13.3.rel1.linux64_1.0.0.202410170706/tools/bin/../lib/gcc/arm-none-eabi/13.3.1/../../../../arm-none-eabi/lib/thumb/v7e-m+dp/hard/libc_nano.a(libc_a-reent.o)
                0x24000460                errno
 .bss.__lock___malloc_recursive_mutex
                0x24000464        0x1 /opt/st/stm32cubeide_1.19.0/plugins/com.st.stm32cube.ide.mcu.externaltools.gnu-tools-for-stm32.13.3.rel1.linux64_1.0.0.202410170706/tools/bin/../lib/gcc/arm-none-eabi/13.3.1/../../../../arm-none-eabi/lib/thumb/v7e-m+dp/hard/libc_nano.a(libc_a-lock.o)
                0x24000464                __lock___malloc_recursive_mutex
 .bss.__lock___sfp_recursive_mutex
                0x24000465        0x1 /opt/st/stm32cubeide_1.19.0/plugins/com.st.stm32cube.ide.mcu.externaltools.gnu-tools-for-stm32.13.3.rel1.linux64_1.0.0.202410170706/tools/bin/../lib/gcc/arm-none-eabi/13.3.1/../../../../arm-none-eabi/lib/thumb/v7e-m+dp/hard/libc_nano.a(libc_a-lock.o)
                0x24000465                __lock___sfp_recursive_mutex
 *fill*         0x24000466        0x2 
 .bss.__malloc_sbrk_start
                0x24000468        0x4 /opt/st/stm32cubeide_1.19.0/plugins/com.st.stm32cube.ide.mcu.externaltools.gnu-tools-for-stm32.13.3.rel1.linux64_1.0.0.202410170706/tools/bin/../lib/gcc/arm-none-eabi/13.3.1/../../../../arm-none-eabi/lib/thumb/v7e-m+dp/hard/libc_nano.a(libc_a-mallocr.o)
                0x24000468                __malloc_sbrk_start
 .bss.__malloc_free_list
                0x2400046c        0x4 /opt/st/stm32cubeide_1.19.0/plugins/com.st.stm32cube.ide.mcu.externaltools.gnu-tools-for-stm32.13.3.rel1.linux64_1.0.0.202410170706/tools/bin/../lib/gcc/arm-none-eabi/13.3.1/../../../../arm-none-eabi/lib/thumb/v7e-m+dp/hard/libc_nano.a(libc_a-mallocr.o)
                0x2400046c                __malloc_free_list
 *(COMMON)
                0x24000470                        . = ALIGN (0x4)
                0x24000470                        _ebss = .
                0x24000470                        __bss_end__ = _ebss

._user_heap_stack
                0x24000470      0x600 load address 0x08005104
                0x24000470                        . = ALIGN (0x8)
                [!provide]                        PROVIDE (end = .)
                0x24000470                        PROVIDE (_end = .)
                0x24000670                        . = (. + _Min_Heap_Size)
 *fill*         0x24000470      0x200 
                0x24000a70                        . = (. + _Min_Stack_Size)
 *fill*         0x24000670      0x400 
                0x24000a70                        . = ALIGN (0x8)

/DISCARD/
 libc.a(*)
 libm.a(*)
 libgcc.a(*)

.ARM.attributes
                0x00000000       0x2e
 *(.ARM.attributes)
 .ARM.attributes
                0x00000000       0x20 /opt/st/stm32cubeide_1.19.0/plugins/com.st.stm32cube.ide.mcu.externaltools.gnu-tools-for-stm32.13.3.rel1.linux64_1.0.0.202410170706/tools/bin/../lib/gcc/arm-none-eabi/13.3.1/thumb/v7e-m+dp/hard/crti.o
 .ARM.attributes
                0x00000020       0x32 /opt/st/stm32cubeide_1.19.0/plugins/com.st.stm32cube.ide.mcu.externaltools.gnu-tools-for-stm32.13.3.rel1.linux64_1.0.0.202410170706/tools/bin/../lib/gcc/arm-none-eabi/13.3.1/thumb/v7e-m+dp/hard/crtbegin.o
 .ARM.attributes
                0x00000052       0x32 ./Core/Src/main.o
 .ARM.attributes
                0x00000084       0x32 ./Core/Src/stm32h7xx_hal_msp.o
 .ARM.attributes
                0x000000b6       0x32 ./Core/Src/stm32h7xx_it.o
 .ARM.attributes
                0x000000e8       0x32 ./Core/Src/syscalls.o
 .ARM.attributes
                0x0000011a       0x32 ./Core/Src/sysmem.o
 .ARM.attributes
                0x0000014c       0x32 ./Core/Src/system_stm32h7xx.o
 .ARM.attributes
                0x0000017e       0x21 ./Core/Startup/startup_stm32h753zitx.o
 .ARM.attributes
                0x0000019f       0x32 ./Drivers/BSP/STM32H7xx_Nucleo/stm32h7xx_nucleo.o
 .ARM.attributes
                0x000001d1       0x32 ./Drivers/STM32H7xx_HAL_Driver/Src/stm32h7xx_hal.o
 .ARM.attributes
                0x00000203       0x32 ./Drivers/STM32H7xx_HAL_Driver/Src/stm32h7xx_hal_adc.o
 .ARM.attributes
                0x00000235       0x32 ./Drivers/STM32H7xx_HAL_Driver/Src/stm32h7xx_hal_adc_ex.o
 .ARM.attributes
                0x00000267       0x32 ./Drivers/STM32H7xx_HAL_Driver/Src/stm32h7xx_hal_cortex.o
 .ARM.attributes
                0x00000299       0x32 ./Drivers/STM32H7xx_HAL_Driver/Src/stm32h7xx_hal_exti.o
 .ARM.attributes
                0x000002cb       0x32 ./Drivers/STM32H7xx_HAL_Driver/Src/stm32h7xx_hal_fdcan.o
 .ARM.attributes
                0x000002fd       0x32 ./Drivers/STM32H7xx_HAL_Driver/Src/stm32h7xx_hal_gpio.o
 .ARM.attributes
                0x0000032f       0x32 ./Drivers/STM32H7xx_HAL_Driver/Src/stm32h7xx_hal_pwr_ex.o
 .ARM.attributes
                0x00000361       0x32 ./Drivers/STM32H7xx_HAL_Driver/Src/stm32h7xx_hal_rcc.o
 .ARM.attributes
                0x00000393       0x32 ./Drivers/STM32H7xx_HAL_Driver/Src/stm32h7xx_hal_rcc_ex.o
 .ARM.attributes
                0x000003c5       0x32 ./Drivers/STM32H7xx_HAL_Driver/Src/stm32h7xx_hal_uart.o
 .ARM.attributes
                0x000003f7       0x32 /opt/st/stm32cubeide_1.19.0/plugins/com.st.stm32cube.ide.mcu.externaltools.gnu-tools-for-stm32.13.3.rel1.linux64_1.0.0.202410170706/tools/bin/../lib/gcc/arm-none-eabi/13.3.1/../../../../arm-none-eabi/lib/thumb/v7e-m+dp/hard/libc_nano.a(libc_a-findfp.o)
 .ARM.attributes
                0x00000429       0x32 /opt/st/stm32cubeide_1.19.0/plugins/com.st.stm32cube.ide.mcu.externaltools.gnu-tools-for-stm32.13.3.rel1.linux64_1.0.0.202410170706/tools/bin/../lib/gcc/arm-none-eabi/13.3.1/../../../../arm-none-eabi/lib/thumb/v7e-m+dp/hard/libc_nano.a(libc_a-fwalk.o)
 .ARM.attributes
                0x0000045b       0x32 /opt/st/stm32cubeide_1.19.0/plugins/com.st.stm32cube.ide.mcu.externaltools.gnu-tools-for-stm32.13.3.rel1.linux64_1.0.0.202410170706/tools/bin/../lib/gcc/arm-none-eabi/13.3.1/../../../../arm-none-eabi/lib/thumb/v7e-m+dp/hard/libc_nano.a(libc_a-puts.o)
 .ARM.attributes
                0x0000048d       0x32 /opt/st/stm32cubeide_1.19.0/plugins/com.st.stm32cube.ide.mcu.externaltools.gnu-tools-for-stm32.13.3.rel1.linux64_1.0.0.202410170706/tools/bin/../lib/gcc/arm-none-eabi/13.3.1/../../../../arm-none-eabi/lib/thumb/v7e-m+dp/hard/libc_nano.a(libc_a-stdio.o)
 .ARM.attributes
                0x000004bf       0x32 /opt/st/stm32cubeide_1.19.0/plugins/com.st.stm32cube.ide.mcu.externaltools.gnu-tools-for-stm32.13.3.rel1.linux64_1.0.0.202410170706/tools/bin/../lib/gcc/arm-none-eabi/13.3.1/../../../../arm-none-eabi/lib/thumb/v7e-m+dp/hard/libc_nano.a(libc_a-wbuf.o)
 .ARM.attributes
                0x000004f1       0x32 /opt/st/stm32cubeide_1.19.0/plugins/com.st.stm32cube.ide.mcu.externaltools.gnu-tools-for-stm32.13.3.rel1.linux64_1.0.0.202410170706/tools/bin/../lib/gcc/arm-none-eabi/13.3.1/../../../../arm-none-eabi/lib/thumb/v7e-m+dp/hard/libc_nano.a(libc_a-wsetup.o)
 .ARM.attributes
                0x00000523       0x32 /opt/st/stm32cubeide_1.19.0/plugins/com.st.stm32cube.ide.mcu.externaltools.gnu-tools-for-stm32.13.3.rel1.linux64_1.0.0.202410170706/tools/bin/../lib/gcc/arm-none-eabi/13.3.1/../../../../arm-none-eabi/lib/thumb/v7e-m+dp/hard/libc_nano.a(libc_a-memset.o)
 .ARM.attributes
                0x00000555       0x32 /opt/st/stm32cubeide_1.19.0/plugins/com.st.stm32cube.ide.mcu.externaltools.gnu-tools-for-stm32.13.3.rel1.linux64_1.0.0.202410170706/tools/bin/../lib/gcc/arm-none-eabi/13.3.1/../../../../arm-none-eabi/lib/thumb/v7e-m+dp/hard/libc_nano.a(libc_a-closer.o)
 .ARM.attributes
                0x00000587       0x32 /opt/st/stm32cubeide_1.19.0/plugins/com.st.stm32cube.ide.mcu.externaltools.gnu-tools-for-stm32.13.3.rel1.linux64_1.0.0.202410170706/tools/bin/../lib/gcc/arm-none-eabi/13.3.1/../../../../arm-none-eabi/lib/thumb/v7e-m+dp/hard/libc_nano.a(libc_a-reent.o)
 .ARM.attributes
                0x000005b9       0x32 /opt/st/stm32cubeide_1.19.0/plugins/com.st.stm32cube.ide.mcu.externaltools.gnu-tools-for-stm32.13.3.rel1.linux64_1.0.0.202410170706/tools/bin/../lib/gcc/arm-none-eabi/13.3.1/../../../../arm-none-eabi/lib/thumb/v7e-m+dp/hard/libc_nano.a(libc_a-impure.o)
 .ARM.attributes
                0x000005eb       0x32 /opt/st/stm32cubeide_1.19.0/plugins/com.st.stm32cube.ide.mcu.externaltools.gnu-tools-for-stm32.13.3.rel1.linux64_1.0.0.202410170706/tools/bin/../lib/gcc/arm-none-eabi/13.3.1/../../../../arm-none-eabi/lib/thumb/v7e-m+dp/hard/libc_nano.a(libc_a-lseekr.o)
 .ARM.attributes
                0x0000061d       0x32 /opt/st/stm32cubeide_1.19.0/plugins/com.st.stm32cube.ide.mcu.externaltools.gnu-tools-for-stm32.13.3.rel1.linux64_1.0.0.202410170706/tools/bin/../lib/gcc/arm-none-eabi/13.3.1/../../../../arm-none-eabi/lib/thumb/v7e-m+dp/hard/libc_nano.a(libc_a-readr.o)
 .ARM.attributes
                0x0000064f       0x32 /opt/st/stm32cubeide_1.19.0/plugins/com.st.stm32cube.ide.mcu.externaltools.gnu-tools-for-stm32.13.3.rel1.linux64_1.0.0.202410170706/tools/bin/../lib/gcc/arm-none-eabi/13.3.1/../../../../arm-none-eabi/lib/thumb/v7e-m+dp/hard/libc_nano.a(libc_a-writer.o)
 .ARM.attributes
                0x00000681       0x32 /opt/st/stm32cubeide_1.19.0/plugins/com.st.stm32cube.ide.mcu.externaltools.gnu-tools-for-stm32.13.3.rel1.linux64_1.0.0.202410170706/tools/bin/../lib/gcc/arm-none-eabi/13.3.1/../../../../arm-none-eabi/lib/thumb/v7e-m+dp/hard/libc_nano.a(libc_a-errno.o)
 .ARM.attributes
                0x000006b3       0x32 /opt/st/stm32cubeide_1.19.0/plugins/com.st.stm32cube.ide.mcu.externaltools.gnu-tools-for-stm32.13.3.rel1.linux64_1.0.0.202410170706/tools/bin/../lib/gcc/arm-none-eabi/13.3.1/../../../../arm-none-eabi/lib/thumb/v7e-m+dp/hard/libc_nano.a(libc_a-init.o)
 .ARM.attributes
                0x000006e5       0x32 /opt/st/stm32cubeide_1.19.0/plugins/com.st.stm32cube.ide.mcu.externaltools.gnu-tools-for-stm32.13.3.rel1.linux64_1.0.0.202410170706/tools/bin/../lib/gcc/arm-none-eabi/13.3.1/../../../../arm-none-eabi/lib/thumb/v7e-m+dp/hard/libc_nano.a(libc_a-lock.o)
 .ARM.attributes
                0x00000717       0x32 /opt/st/stm32cubeide_1.19.0/plugins/com.st.stm32cube.ide.mcu.externaltools.gnu-tools-for-stm32.13.3.rel1.linux64_1.0.0.202410170706/tools/bin/../lib/gcc/arm-none-eabi/13.3.1/../../../../arm-none-eabi/lib/thumb/v7e-m+dp/hard/libc_nano.a(libc_a-memcpy-stub.o)
 .ARM.attributes
                0x00000749       0x32 /opt/st/stm32cubeide_1.19.0/plugins/com.st.stm32cube.ide.mcu.externaltools.gnu-tools-for-stm32.13.3.rel1.linux64_1.0.0.202410170706/tools/bin/../lib/gcc/arm-none-eabi/13.3.1/../../../../arm-none-eabi/lib/thumb/v7e-m+dp/hard/libc_nano.a(libc_a-freer.o)
 .ARM.attributes
                0x0000077b       0x32 /opt/st/stm32cubeide_1.19.0/plugins/com.st.stm32cube.ide.mcu.externaltools.gnu-tools-for-stm32.13.3.rel1.linux64_1.0.0.202410170706/tools/bin/../lib/gcc/arm-none-eabi/13.3.1/../../../../arm-none-eabi/lib/thumb/v7e-m+dp/hard/libc_nano.a(libc_a-mallocr.o)
 .ARM.attributes
                0x000007ad       0x32 /opt/st/stm32cubeide_1.19.0/plugins/com.st.stm32cube.ide.mcu.externaltools.gnu-tools-for-stm32.13.3.rel1.linux64_1.0.0.202410170706/tools/bin/../lib/gcc/arm-none-eabi/13.3.1/../../../../arm-none-eabi/lib/thumb/v7e-m+dp/hard/libc_nano.a(libc_a-mlock.o)
 .ARM.attributes
                0x000007df       0x32 /opt/st/stm32cubeide_1.19.0/plugins/com.st.stm32cube.ide.mcu.externaltools.gnu-tools-for-stm32.13.3.rel1.linux64_1.0.0.202410170706/tools/bin/../lib/gcc/arm-none-eabi/13.3.1/../../../../arm-none-eabi/lib/thumb/v7e-m+dp/hard/libc_nano.a(libc_a-fflush.o)
 .ARM.attributes
                0x00000811       0x32 /opt/st/stm32cubeide_1.19.0/plugins/com.st.stm32cube.ide.mcu.externaltools.gnu-tools-for-stm32.13.3.rel1.linux64_1.0.0.202410170706/tools/bin/../lib/gcc/arm-none-eabi/13.3.1/../../../../arm-none-eabi/lib/thumb/v7e-m+dp/hard/libc_nano.a(libc_a-makebuf.o)
 .ARM.attributes
                0x00000843       0x32 /opt/st/stm32cubeide_1.19.0/plugins/com.st.stm32cube.ide.mcu.externaltools.gnu-tools-for-stm32.13.3.rel1.linux64_1.0.0.202410170706/tools/bin/../lib/gcc/arm-none-eabi/13.3.1/../../../../arm-none-eabi/lib/thumb/v7e-m+dp/hard/libc_nano.a(libc_a-fstatr.o)
 .ARM.attributes
                0x00000875       0x32 /opt/st/stm32cubeide_1.19.0/plugins/com.st.stm32cube.ide.mcu.externaltools.gnu-tools-for-stm32.13.3.rel1.linux64_1.0.0.202410170706/tools/bin/../lib/gcc/arm-none-eabi/13.3.1/../../../../arm-none-eabi/lib/thumb/v7e-m+dp/hard/libc_nano.a(libc_a-isattyr.o)
 .ARM.attributes
                0x000008a7       0x32 /opt/st/stm32cubeide_1.19.0/plugins/com.st.stm32cube.ide.mcu.externaltools.gnu-tools-for-stm32.13.3.rel1.linux64_1.0.0.202410170706/tools/bin/../lib/gcc/arm-none-eabi/13.3.1/../../../../arm-none-eabi/lib/thumb/v7e-m+dp/hard/libc_nano.a(libc_a-sbrkr.o)
 .ARM.attributes
                0x000008d9       0x20 /opt/st/stm32cubeide_1.19.0/plugins/com.st.stm32cube.ide.mcu.externaltools.gnu-tools-for-stm32.13.3.rel1.linux64_1.0.0.202410170706/tools/bin/../lib/gcc/arm-none-eabi/13.3.1/thumb/v7e-m+dp/hard/libgcc.a(_aeabi_uldivmod.o)
 .ARM.attributes
                0x000008f9       0x32 /opt/st/stm32cubeide_1.19.0/plugins/com.st.stm32cube.ide.mcu.externaltools.gnu-tools-for-stm32.13.3.rel1.linux64_1.0.0.202410170706/tools/bin/../lib/gcc/arm-none-eabi/13.3.1/thumb/v7e-m+dp/hard/libgcc.a(_udivmoddi4.o)
 .ARM.attributes
                0x0000092b       0x20 /opt/st/stm32cubeide_1.19.0/plugins/com.st.stm32cube.ide.mcu.externaltools.gnu-tools-for-stm32.13.3.rel1.linux64_1.0.0.202410170706/tools/bin/../lib/gcc/arm-none-eabi/13.3.1/thumb/v7e-m+dp/hard/libgcc.a(_dvmd_tls.o)
 .ARM.attributes
                0x0000094b       0x20 /opt/st/stm32cubeide_1.19.0/plugins/com.st.stm32cube.ide.mcu.externaltools.gnu-tools-for-stm32.13.3.rel1.linux64_1.0.0.202410170706/tools/bin/../lib/gcc/arm-none-eabi/13.3.1/thumb/v7e-m+dp/hard/crtn.o
OUTPUT(Rede CAN.elf elf32-littlearm)
LOAD linker stubs
LOAD /opt/st/stm32cubeide_1.19.0/plugins/com.st.stm32cube.ide.mcu.externaltools.gnu-tools-for-stm32.13.3.rel1.linux64_1.0.0.202410170706/tools/bin/../lib/gcc/arm-none-eabi/13.3.1/../../../../arm-none-eabi/lib/thumb/v7e-m+dp/hard/libc.a
LOAD /opt/st/stm32cubeide_1.19.0/plugins/com.st.stm32cube.ide.mcu.externaltools.gnu-tools-for-stm32.13.3.rel1.linux64_1.0.0.202410170706/tools/bin/../lib/gcc/arm-none-eabi/13.3.1/../../../../arm-none-eabi/lib/thumb/v7e-m+dp/hard/libm.a
LOAD /opt/st/stm32cubeide_1.19.0/plugins/com.st.stm32cube.ide.mcu.externaltools.gnu-tools-for-stm32.13.3.rel1.linux64_1.0.0.202410170706/tools/bin/../lib/gcc/arm-none-eabi/13.3.1/thumb/v7e-m+dp/hard/libgcc.a

.debug_info     0x00000000    0x1e7d4
 .debug_info    0x00000000     0x2995 ./Core/Src/main.o
 .debug_info    0x00002995     0x1aa0 ./Core/Src/stm32h7xx_hal_msp.o
 .debug_info    0x00004435      0x182 ./Core/Src/stm32h7xx_it.o
 .debug_info    0x000045b7      0x7b1 ./Core/Src/syscalls.o
 .debug_info    0x00004d68      0x171 ./Core/Src/sysmem.o
 .debug_info    0x00004ed9      0xddb ./Core/Src/system_stm32h7xx.o
 .debug_info    0x00005cb4     0x1e87 ./Drivers/BSP/STM32H7xx_Nucleo/stm32h7xx_nucleo.o
 .debug_info    0x00007b3b     0x1674 ./Drivers/STM32H7xx_HAL_Driver/Src/stm32h7xx_hal.o
 .debug_info    0x000091af     0x2b4d ./Drivers/STM32H7xx_HAL_Driver/Src/stm32h7xx_hal_adc.o
 .debug_info    0x0000bcfc     0x2d46 ./Drivers/STM32H7xx_HAL_Driver/Src/stm32h7xx_hal_adc_ex.o
 .debug_info    0x0000ea42     0x133a ./Drivers/STM32H7xx_HAL_Driver/Src/stm32h7xx_hal_cortex.o
 .debug_info    0x0000fd7c      0x9e8 ./Drivers/STM32H7xx_HAL_Driver/Src/stm32h7xx_hal_exti.o
 .debug_info    0x00010764     0x3214 ./Drivers/STM32H7xx_HAL_Driver/Src/stm32h7xx_hal_fdcan.o
 .debug_info    0x00013978      0xca0 ./Drivers/STM32H7xx_HAL_Driver/Src/stm32h7xx_hal_gpio.o
 .debug_info    0x00014618     0x1181 ./Drivers/STM32H7xx_HAL_Driver/Src/stm32h7xx_hal_pwr_ex.o
 .debug_info    0x00015799     0x11c7 ./Drivers/STM32H7xx_HAL_Driver/Src/stm32h7xx_hal_rcc.o
 .debug_info    0x00016960     0x1938 ./Drivers/STM32H7xx_HAL_Driver/Src/stm32h7xx_hal_rcc_ex.o
 .debug_info    0x00018298     0x653c ./Drivers/STM32H7xx_HAL_Driver/Src/stm32h7xx_hal_uart.o

.debug_abbrev   0x00000000     0x32fd
 .debug_abbrev  0x00000000      0x3b7 ./Core/Src/main.o
 .debug_abbrev  0x000003b7      0x237 ./Core/Src/stm32h7xx_hal_msp.o
 .debug_abbrev  0x000005ee      0x112 ./Core/Src/stm32h7xx_it.o
 .debug_abbrev  0x00000700      0x206 ./Core/Src/syscalls.o
 .debug_abbrev  0x00000906       0xea ./Core/Src/sysmem.o
 .debug_abbrev  0x000009f0      0x169 ./Core/Src/system_stm32h7xx.o
 .debug_abbrev  0x00000b59      0x451 ./Drivers/BSP/STM32H7xx_Nucleo/stm32h7xx_nucleo.o
 .debug_abbrev  0x00000faa      0x313 ./Drivers/STM32H7xx_HAL_Driver/Src/stm32h7xx_hal.o
 .debug_abbrev  0x000012bd      0x3a0 ./Drivers/STM32H7xx_HAL_Driver/Src/stm32h7xx_hal_adc.o
 .debug_abbrev  0x0000165d      0x403 ./Drivers/STM32H7xx_HAL_Driver/Src/stm32h7xx_hal_adc_ex.o
 .debug_abbrev  0x00001a60      0x39f ./Drivers/STM32H7xx_HAL_Driver/Src/stm32h7xx_hal_cortex.o
 .debug_abbrev  0x00001dff      0x1f9 ./Drivers/STM32H7xx_HAL_Driver/Src/stm32h7xx_hal_exti.o
 .debug_abbrev  0x00001ff8      0x2f0 ./Drivers/STM32H7xx_HAL_Driver/Src/stm32h7xx_hal_fdcan.o
 .debug_abbrev  0x000022e8      0x25c ./Drivers/STM32H7xx_HAL_Driver/Src/stm32h7xx_hal_gpio.o
 .debug_abbrev  0x00002544      0x306 ./Drivers/STM32H7xx_HAL_Driver/Src/stm32h7xx_hal_pwr_ex.o
 .debug_abbrev  0x0000284a      0x31a ./Drivers/STM32H7xx_HAL_Driver/Src/stm32h7xx_hal_rcc.o
 .debug_abbrev  0x00002b64      0x310 ./Drivers/STM32H7xx_HAL_Driver/Src/stm32h7xx_hal_rcc_ex.o
 .debug_abbrev  0x00002e74      0x489 ./Drivers/STM32H7xx_HAL_Driver/Src/stm32h7xx_hal_uart.o

.debug_loclists
                0x00000000     0xb2c1
 .debug_loclists
                0x00000000       0x54 ./Core/Src/main.o
 .debug_loclists
                0x00000054       0x90 ./Core/Src/stm32h7xx_hal_msp.o
 .debug_loclists
                0x000000e4      0x335 ./Core/Src/syscalls.o
 .debug_loclists
                0x00000419       0x3b ./Core/Src/sysmem.o
 .debug_loclists
                0x00000454      0x13f ./Core/Src/system_stm32h7xx.o
 .debug_loclists
                0x00000593      0x3e9 ./Drivers/BSP/STM32H7xx_Nucleo/stm32h7xx_nucleo.o
 .debug_loclists
                0x0000097c      0x2c0 ./Drivers/STM32H7xx_HAL_Driver/Src/stm32h7xx_hal.o
 .debug_loclists
                0x00000c3c     0x10a4 ./Drivers/STM32H7xx_HAL_Driver/Src/stm32h7xx_hal_adc.o
 .debug_loclists
                0x00001ce0     0x1493 ./Drivers/STM32H7xx_HAL_Driver/Src/stm32h7xx_hal_adc_ex.o
 .debug_loclists
                0x00003173      0x4cf ./Drivers/STM32H7xx_HAL_Driver/Src/stm32h7xx_hal_cortex.o
 .debug_loclists
                0x00003642      0x77b ./Drivers/STM32H7xx_HAL_Driver/Src/stm32h7xx_hal_exti.o
 .debug_loclists
                0x00003dbd     0x2554 ./Drivers/STM32H7xx_HAL_Driver/Src/stm32h7xx_hal_fdcan.o
 .debug_loclists
                0x00006311      0x25b ./Drivers/STM32H7xx_HAL_Driver/Src/stm32h7xx_hal_gpio.o
 .debug_loclists
                0x0000656c      0x301 ./Drivers/STM32H7xx_HAL_Driver/Src/stm32h7xx_hal_pwr_ex.o
 .debug_loclists
                0x0000686d      0x531 ./Drivers/STM32H7xx_HAL_Driver/Src/stm32h7xx_hal_rcc.o
 .debug_loclists
                0x00006d9e      0xd16 ./Drivers/STM32H7xx_HAL_Driver/Src/stm32h7xx_hal_rcc_ex.o
 .debug_loclists
                0x00007ab4     0x380d ./Drivers/STM32H7xx_HAL_Driver/Src/stm32h7xx_hal_uart.o

.debug_aranges  0x00000000     0x1020
 .debug_aranges
                0x00000000       0x40 ./Core/Src/main.o
 .debug_aranges
                0x00000040       0x40 ./Core/Src/stm32h7xx_hal_msp.o
 .debug_aranges
                0x00000080       0x68 ./Core/Src/stm32h7xx_it.o
 .debug_aranges
                0x000000e8       0xa8 ./Core/Src/syscalls.o
 .debug_aranges
                0x00000190       0x20 ./Core/Src/sysmem.o
 .debug_aranges
                0x000001b0       0x30 ./Core/Src/system_stm32h7xx.o
 .debug_aranges
                0x000001e0       0xa8 ./Drivers/BSP/STM32H7xx_Nucleo/stm32h7xx_nucleo.o
 .debug_aranges
                0x00000288      0x198 ./Drivers/STM32H7xx_HAL_Driver/Src/stm32h7xx_hal.o
 .debug_aranges
                0x00000420      0x118 ./Drivers/STM32H7xx_HAL_Driver/Src/stm32h7xx_hal_adc.o
 .debug_aranges
                0x00000538      0x120 ./Drivers/STM32H7xx_HAL_Driver/Src/stm32h7xx_hal_adc_ex.o
 .debug_aranges
                0x00000658       0xc0 ./Drivers/STM32H7xx_HAL_Driver/Src/stm32h7xx_hal_cortex.o
 .debug_aranges
                0x00000718       0x60 ./Drivers/STM32H7xx_HAL_Driver/Src/stm32h7xx_hal_exti.o
 .debug_aranges
                0x00000778      0x330 ./Drivers/STM32H7xx_HAL_Driver/Src/stm32h7xx_hal_fdcan.o
 .debug_aranges
                0x00000aa8       0x58 ./Drivers/STM32H7xx_HAL_Driver/Src/stm32h7xx_hal_gpio.o
 .debug_aranges
                0x00000b00      0x158 ./Drivers/STM32H7xx_HAL_Driver/Src/stm32h7xx_hal_pwr_ex.o
 .debug_aranges
                0x00000c58       0x88 ./Drivers/STM32H7xx_HAL_Driver/Src/stm32h7xx_hal_rcc.o
 .debug_aranges
                0x00000ce0       0xf8 ./Drivers/STM32H7xx_HAL_Driver/Src/stm32h7xx_hal_rcc_ex.o
 .debug_aranges
                0x00000dd8      0x248 ./Drivers/STM32H7xx_HAL_Driver/Src/stm32h7xx_hal_uart.o

.debug_rnglists
                0x00000000     0x10f5
 .debug_rnglists
                0x00000000       0x75 ./Core/Src/main.o
 .debug_rnglists
                0x00000075       0x51 ./Core/Src/stm32h7xx_hal_msp.o
 .debug_rnglists
                0x000000c6       0x49 ./Core/Src/stm32h7xx_it.o
 .debug_rnglists
                0x0000010f       0x85 ./Core/Src/syscalls.o
 .debug_rnglists
                0x00000194       0x13 ./Core/Src/sysmem.o
 .debug_rnglists
                0x000001a7       0x21 ./Core/Src/system_stm32h7xx.o
 .debug_rnglists
                0x000001c8       0xc6 ./Drivers/BSP/STM32H7xx_Nucleo/stm32h7xx_nucleo.o
 .debug_rnglists
                0x0000028e      0x12e ./Drivers/STM32H7xx_HAL_Driver/Src/stm32h7xx_hal.o
 .debug_rnglists
                0x000003bc      0x22a ./Drivers/STM32H7xx_HAL_Driver/Src/stm32h7xx_hal_adc.o
 .debug_rnglists
                0x000005e6      0x204 ./Drivers/STM32H7xx_HAL_Driver/Src/stm32h7xx_hal_adc_ex.o
 .debug_rnglists
                0x000007ea       0xe5 ./Drivers/STM32H7xx_HAL_Driver/Src/stm32h7xx_hal_cortex.o
 .debug_rnglists
                0x000008cf       0x46 ./Drivers/STM32H7xx_HAL_Driver/Src/stm32h7xx_hal_exti.o
 .debug_rnglists
                0x00000915      0x286 ./Drivers/STM32H7xx_HAL_Driver/Src/stm32h7xx_hal_fdcan.o
 .debug_rnglists
                0x00000b9b       0x5c ./Drivers/STM32H7xx_HAL_Driver/Src/stm32h7xx_hal_gpio.o
 .debug_rnglists
                0x00000bf7      0x118 ./Drivers/STM32H7xx_HAL_Driver/Src/stm32h7xx_hal_pwr_ex.o
 .debug_rnglists
                0x00000d0f       0xa3 ./Drivers/STM32H7xx_HAL_Driver/Src/stm32h7xx_hal_rcc.o
 .debug_rnglists
                0x00000db2       0xdc ./Drivers/STM32H7xx_HAL_Driver/Src/stm32h7xx_hal_rcc_ex.o
 .debug_rnglists
                0x00000e8e      0x267 ./Drivers/STM32H7xx_HAL_Driver/Src/stm32h7xx_hal_uart.o

.debug_line     0x00000000    0x1471c
 .debug_line    0x00000000      0x9aa ./Core/Src/main.o
 .debug_line    0x000009aa      0x512 ./Core/Src/stm32h7xx_hal_msp.o
 .debug_line    0x00000ebc      0x188 ./Core/Src/stm32h7xx_it.o
 .debug_line    0x00001044      0x4d0 ./Core/Src/syscalls.o
 .debug_line    0x00001514      0x2db ./Core/Src/sysmem.o
 .debug_line    0x000017ef      0x586 ./Core/Src/system_stm32h7xx.o
 .debug_line    0x00001d75      0x794 ./Drivers/BSP/STM32H7xx_Nucleo/stm32h7xx_nucleo.o
 .debug_line    0x00002509      0xa0e ./Drivers/STM32H7xx_HAL_Driver/Src/stm32h7xx_hal.o
 .debug_line    0x00002f17     0x2352 ./Drivers/STM32H7xx_HAL_Driver/Src/stm32h7xx_hal_adc.o
 .debug_line    0x00005269     0x209c ./Drivers/STM32H7xx_HAL_Driver/Src/stm32h7xx_hal_adc_ex.o
 .debug_line    0x00007305      0x8f2 ./Drivers/STM32H7xx_HAL_Driver/Src/stm32h7xx_hal_cortex.o
 .debug_line    0x00007bf7      0x8db ./Drivers/STM32H7xx_HAL_Driver/Src/stm32h7xx_hal_exti.o
 .debug_line    0x000084d2     0x309a ./Drivers/STM32H7xx_HAL_Driver/Src/stm32h7xx_hal_fdcan.o
 .debug_line    0x0000b56c      0x79a ./Drivers/STM32H7xx_HAL_Driver/Src/stm32h7xx_hal_gpio.o
 .debug_line    0x0000bd06      0xbee ./Drivers/STM32H7xx_HAL_Driver/Src/stm32h7xx_hal_pwr_ex.o
 .debug_line    0x0000c8f4     0x148b ./Drivers/STM32H7xx_HAL_Driver/Src/stm32h7xx_hal_rcc.o
 .debug_line    0x0000dd7f     0x1b45 ./Drivers/STM32H7xx_HAL_Driver/Src/stm32h7xx_hal_rcc_ex.o
 .debug_line    0x0000f8c4     0x4e58 ./Drivers/STM32H7xx_HAL_Driver/Src/stm32h7xx_hal_uart.o

.debug_str      0x00000000     0x7569
 .debug_str     0x00000000     0x7569 ./Core/Src/main.o
                               0x1a97 (size before relaxing)
 .debug_str     0x00007569     0x12e1 ./Core/Src/stm32h7xx_hal_msp.o
 .debug_str     0x00007569      0x2a0 ./Core/Src/stm32h7xx_it.o
 .debug_str     0x00007569      0x40e ./Core/Src/syscalls.o
 .debug_str     0x00007569      0x23a ./Core/Src/sysmem.o
 .debug_str     0x00007569      0x785 ./Core/Src/system_stm32h7xx.o
 .debug_str     0x00007569     0x17f2 ./Drivers/BSP/STM32H7xx_Nucleo/stm32h7xx_nucleo.o
 .debug_str     0x00007569     0x14e0 ./Drivers/STM32H7xx_HAL_Driver/Src/stm32h7xx_hal.o
 .debug_str     0x00007569     0x1396 ./Drivers/STM32H7xx_HAL_Driver/Src/stm32h7xx_hal_adc.o
 .debug_str     0x00007569     0x1497 ./Drivers/STM32H7xx_HAL_Driver/Src/stm32h7xx_hal_adc_ex.o
 .debug_str     0x00007569     0x10a6 ./Drivers/STM32H7xx_HAL_Driver/Src/stm32h7xx_hal_cortex.o
 .debug_str     0x00007569      0x527 ./Drivers/STM32H7xx_HAL_Driver/Src/stm32h7xx_hal_exti.o
 .debug_str     0x00007569     0x1dc3 ./Drivers/STM32H7xx_HAL_Driver/Src/stm32h7xx_hal_fdcan.o
 .debug_str     0x00007569      0x6eb ./Drivers/STM32H7xx_HAL_Driver/Src/stm32h7xx_hal_gpio.o
 .debug_str     0x00007569      0xa60 ./Drivers/STM32H7xx_HAL_Driver/Src/stm32h7xx_hal_pwr_ex.o
 .debug_str     0x00007569      0xa31 ./Drivers/STM32H7xx_HAL_Driver/Src/stm32h7xx_hal_rcc.o
 .debug_str     0x00007569      0xf3c ./Drivers/STM32H7xx_HAL_Driver/Src/stm32h7xx_hal_rcc_ex.o
 .debug_str     0x00007569     0x14ca ./Drivers/STM32H7xx_HAL_Driver/Src/stm32h7xx_hal_uart.o

.comment        0x00000000       0x43
 .comment       0x00000000       0x43 ./Core/Src/main.o
                                 0x44 (size before relaxing)
 .comment       0x00000043       0x44 ./Core/Src/stm32h7xx_hal_msp.o
 .comment       0x00000043       0x44 ./Core/Src/stm32h7xx_it.o
 .comment       0x00000043       0x44 ./Core/Src/syscalls.o
 .comment       0x00000043       0x44 ./Core/Src/sysmem.o
 .comment       0x00000043       0x44 ./Core/Src/system_stm32h7xx.o
 .comment       0x00000043       0x44 ./Drivers/BSP/STM32H7xx_Nucleo/stm32h7xx_nucleo.o
 .comment       0x00000043       0x44 ./Drivers/STM32H7xx_HAL_Driver/Src/stm32h7xx_hal.o
 .comment       0x00000043       0x44 ./Drivers/STM32H7xx_HAL_Driver/Src/stm32h7xx_hal_adc.o
 .comment       0x00000043       0x44 ./Drivers/STM32H7xx_HAL_Driver/Src/stm32h7xx_hal_adc_ex.o
 .comment       0x00000043       0x44 ./Drivers/STM32H7xx_HAL_Driver/Src/stm32h7xx_hal_cortex.o
 .comment       0x00000043       0x44 ./Drivers/STM32H7xx_HAL_Driver/Src/stm32h7xx_hal_exti.o
 .comment       0x00000043       0x44 ./Drivers/STM32H7xx_HAL_Driver/Src/stm32h7xx_hal_fdcan.o
 .comment       0x00000043       0x44 ./Drivers/STM32H7xx_HAL_Driver/Src/stm32h7xx_hal_gpio.o
 .comment       0x00000043       0x44 ./Drivers/STM32H7xx_HAL_Driver/Src/stm32h7xx_hal_pwr_ex.o
 .comment       0x00000043       0x44 ./Drivers/STM32H7xx_HAL_Driver/Src/stm32h7xx_hal_rcc.o
 .comment       0x00000043       0x44 ./Drivers/STM32H7xx_HAL_Driver/Src/stm32h7xx_hal_rcc_ex.o
 .comment       0x00000043       0x44 ./Drivers/STM32H7xx_HAL_Driver/Src/stm32h7xx_hal_uart.o

.debug_frame    0x00000000     0x2f10
 .debug_frame   0x00000000       0x9c ./Core/Src/main.o
 .debug_frame   0x0000009c       0x8c ./Core/Src/stm32h7xx_hal_msp.o
 .debug_frame   0x00000128       0xb0 ./Core/Src/stm32h7xx_it.o
 .debug_frame   0x000001d8      0x190 ./Core/Src/syscalls.o
 .debug_frame   0x00000368       0x28 ./Core/Src/sysmem.o
 .debug_frame   0x00000390       0x4c ./Core/Src/system_stm32h7xx.o
 .debug_frame   0x000003dc      0x1c8 ./Drivers/BSP/STM32H7xx_Nucleo/stm32h7xx_nucleo.o
 .debug_frame   0x000005a4      0x370 ./Drivers/STM32H7xx_HAL_Driver/Src/stm32h7xx_hal.o
 .debug_frame   0x00000914      0x32c ./Drivers/STM32H7xx_HAL_Driver/Src/stm32h7xx_hal_adc.o
 .debug_frame   0x00000c40      0x360 ./Drivers/STM32H7xx_HAL_Driver/Src/stm32h7xx_hal_adc_ex.o
 .debug_frame   0x00000fa0      0x180 ./Drivers/STM32H7xx_HAL_Driver/Src/stm32h7xx_hal_cortex.o
 .debug_frame   0x00001120       0xcc ./Drivers/STM32H7xx_HAL_Driver/Src/stm32h7xx_hal_exti.o
 .debug_frame   0x000011ec      0x758 ./Drivers/STM32H7xx_HAL_Driver/Src/stm32h7xx_hal_fdcan.o
 .debug_frame   0x00001944       0xd4 ./Drivers/STM32H7xx_HAL_Driver/Src/stm32h7xx_hal_gpio.o
 .debug_frame   0x00001a18      0x300 ./Drivers/STM32H7xx_HAL_Driver/Src/stm32h7xx_hal_pwr_ex.o
 .debug_frame   0x00001d18      0x178 ./Drivers/STM32H7xx_HAL_Driver/Src/stm32h7xx_hal_rcc.o
 .debug_frame   0x00001e90      0x288 ./Drivers/STM32H7xx_HAL_Driver/Src/stm32h7xx_hal_rcc_ex.o
 .debug_frame   0x00002118      0x6d4 ./Drivers/STM32H7xx_HAL_Driver/Src/stm32h7xx_hal_uart.o
 .debug_frame   0x000027ec      0x144 /opt/st/stm32cubeide_1.19.0/plugins/com.st.stm32cube.ide.mcu.externaltools.gnu-tools-for-stm32.13.3.rel1.linux64_1.0.0.202410170706/tools/bin/../lib/gcc/arm-none-eabi/13.3.1/../../../../arm-none-eabi/lib/thumb/v7e-m+dp/hard/libc_nano.a(libc_a-findfp.o)
 .debug_frame   0x00002930       0x34 /opt/st/stm32cubeide_1.19.0/plugins/com.st.stm32cube.ide.mcu.externaltools.gnu-tools-for-stm32.13.3.rel1.linux64_1.0.0.202410170706/tools/bin/../lib/gcc/arm-none-eabi/13.3.1/../../../../arm-none-eabi/lib/thumb/v7e-m+dp/hard/libc_nano.a(libc_a-fwalk.o)
 .debug_frame   0x00002964       0x3c /opt/st/stm32cubeide_1.19.0/plugins/com.st.stm32cube.ide.mcu.externaltools.gnu-tools-for-stm32.13.3.rel1.linux64_1.0.0.202410170706/tools/bin/../lib/gcc/arm-none-eabi/13.3.1/../../../../arm-none-eabi/lib/thumb/v7e-m+dp/hard/libc_nano.a(libc_a-puts.o)
 .debug_frame   0x000029a0       0x88 /opt/st/stm32cubeide_1.19.0/plugins/com.st.stm32cube.ide.mcu.externaltools.gnu-tools-for-stm32.13.3.rel1.linux64_1.0.0.202410170706/tools/bin/../lib/gcc/arm-none-eabi/13.3.1/../../../../arm-none-eabi/lib/thumb/v7e-m+dp/hard/libc_nano.a(libc_a-stdio.o)
 .debug_frame   0x00002a28       0x40 /opt/st/stm32cubeide_1.19.0/plugins/com.st.stm32cube.ide.mcu.externaltools.gnu-tools-for-stm32.13.3.rel1.linux64_1.0.0.202410170706/tools/bin/../lib/gcc/arm-none-eabi/13.3.1/../../../../arm-none-eabi/lib/thumb/v7e-m+dp/hard/libc_nano.a(libc_a-wbuf.o)
 .debug_frame   0x00002a68       0x2c /opt/st/stm32cubeide_1.19.0/plugins/com.st.stm32cube.ide.mcu.externaltools.gnu-tools-for-stm32.13.3.rel1.linux64_1.0.0.202410170706/tools/bin/../lib/gcc/arm-none-eabi/13.3.1/../../../../arm-none-eabi/lib/thumb/v7e-m+dp/hard/libc_nano.a(libc_a-wsetup.o)
 .debug_frame   0x00002a94       0x20 /opt/st/stm32cubeide_1.19.0/plugins/com.st.stm32cube.ide.mcu.externaltools.gnu-tools-for-stm32.13.3.rel1.linux64_1.0.0.202410170706/tools/bin/../lib/gcc/arm-none-eabi/13.3.1/../../../../arm-none-eabi/lib/thumb/v7e-m+dp/hard/libc_nano.a(libc_a-memset.o)
 .debug_frame   0x00002ab4       0x2c /opt/st/stm32cubeide_1.19.0/plugins/com.st.stm32cube.ide.mcu.externaltools.gnu-tools-for-stm32.13.3.rel1.linux64_1.0.0.202410170706/tools/bin/../lib/gcc/arm-none-eabi/13.3.1/../../../../arm-none-eabi/lib/thumb/v7e-m+dp/hard/libc_nano.a(libc_a-closer.o)
 .debug_frame   0x00002ae0       0x38 /opt/st/stm32cubeide_1.19.0/plugins/com.st.stm32cube.ide.mcu.externaltools.gnu-tools-for-stm32.13.3.rel1.linux64_1.0.0.202410170706/tools/bin/../lib/gcc/arm-none-eabi/13.3.1/../../../../arm-none-eabi/lib/thumb/v7e-m+dp/hard/libc_nano.a(libc_a-reent.o)
 .debug_frame   0x00002b18       0x2c /opt/st/stm32cubeide_1.19.0/plugins/com.st.stm32cube.ide.mcu.externaltools.gnu-tools-for-stm32.13.3.rel1.linux64_1.0.0.202410170706/tools/bin/../lib/gcc/arm-none-eabi/13.3.1/../../../../arm-none-eabi/lib/thumb/v7e-m+dp/hard/libc_nano.a(libc_a-lseekr.o)
 .debug_frame   0x00002b44       0x2c /opt/st/stm32cubeide_1.19.0/plugins/com.st.stm32cube.ide.mcu.externaltools.gnu-tools-for-stm32.13.3.rel1.linux64_1.0.0.202410170706/tools/bin/../lib/gcc/arm-none-eabi/13.3.1/../../../../arm-none-eabi/lib/thumb/v7e-m+dp/hard/libc_nano.a(libc_a-readr.o)
 .debug_frame   0x00002b70       0x2c /opt/st/stm32cubeide_1.19.0/plugins/com.st.stm32cube.ide.mcu.externaltools.gnu-tools-for-stm32.13.3.rel1.linux64_1.0.0.202410170706/tools/bin/../lib/gcc/arm-none-eabi/13.3.1/../../../../arm-none-eabi/lib/thumb/v7e-m+dp/hard/libc_nano.a(libc_a-writer.o)
 .debug_frame   0x00002b9c       0x20 /opt/st/stm32cubeide_1.19.0/plugins/com.st.stm32cube.ide.mcu.externaltools.gnu-tools-for-stm32.13.3.rel1.linux64_1.0.0.202410170706/tools/bin/../lib/gcc/arm-none-eabi/13.3.1/../../../../arm-none-eabi/lib/thumb/v7e-m+dp/hard/libc_nano.a(libc_a-errno.o)
 .debug_frame   0x00002bbc       0x2c /opt/st/stm32cubeide_1.19.0/plugins/com.st.stm32cube.ide.mcu.externaltools.gnu-tools-for-stm32.13.3.rel1.linux64_1.0.0.202410170706/tools/bin/../lib/gcc/arm-none-eabi/13.3.1/../../../../arm-none-eabi/lib/thumb/v7e-m+dp/hard/libc_nano.a(libc_a-init.o)
 .debug_frame   0x00002be8       0xb0 /opt/st/stm32cubeide_1.19.0/plugins/com.st.stm32cube.ide.mcu.externaltools.gnu-tools-for-stm32.13.3.rel1.linux64_1.0.0.202410170706/tools/bin/../lib/gcc/arm-none-eabi/13.3.1/../../../../arm-none-eabi/lib/thumb/v7e-m+dp/hard/libc_nano.a(libc_a-lock.o)
 .debug_frame   0x00002c98       0x28 /opt/st/stm32cubeide_1.19.0/plugins/com.st.stm32cube.ide.mcu.externaltools.gnu-tools-for-stm32.13.3.rel1.linux64_1.0.0.202410170706/tools/bin/../lib/gcc/arm-none-eabi/13.3.1/../../../../arm-none-eabi/lib/thumb/v7e-m+dp/hard/libc_nano.a(libc_a-memcpy-stub.o)
 .debug_frame   0x00002cc0       0x38 /opt/st/stm32cubeide_1.19.0/plugins/com.st.stm32cube.ide.mcu.externaltools.gnu-tools-for-stm32.13.3.rel1.linux64_1.0.0.202410170706/tools/bin/../lib/gcc/arm-none-eabi/13.3.1/../../../../arm-none-eabi/lib/thumb/v7e-m+dp/hard/libc_nano.a(libc_a-freer.o)
 .debug_frame   0x00002cf8       0x50 /opt/st/stm32cubeide_1.19.0/plugins/com.st.stm32cube.ide.mcu.externaltools.gnu-tools-for-stm32.13.3.rel1.linux64_1.0.0.202410170706/tools/bin/../lib/gcc/arm-none-eabi/13.3.1/../../../../arm-none-eabi/lib/thumb/v7e-m+dp/hard/libc_nano.a(libc_a-mallocr.o)
 .debug_frame   0x00002d48       0x30 /opt/st/stm32cubeide_1.19.0/plugins/com.st.stm32cube.ide.mcu.externaltools.gnu-tools-for-stm32.13.3.rel1.linux64_1.0.0.202410170706/tools/bin/../lib/gcc/arm-none-eabi/13.3.1/../../../../arm-none-eabi/lib/thumb/v7e-m+dp/hard/libc_nano.a(libc_a-mlock.o)
 .debug_frame   0x00002d78       0x5c /opt/st/stm32cubeide_1.19.0/plugins/com.st.stm32cube.ide.mcu.externaltools.gnu-tools-for-stm32.13.3.rel1.linux64_1.0.0.202410170706/tools/bin/../lib/gcc/arm-none-eabi/13.3.1/../../../../arm-none-eabi/lib/thumb/v7e-m+dp/hard/libc_nano.a(libc_a-fflush.o)
 .debug_frame   0x00002dd4       0x58 /opt/st/stm32cubeide_1.19.0/plugins/com.st.stm32cube.ide.mcu.externaltools.gnu-tools-for-stm32.13.3.rel1.linux64_1.0.0.202410170706/tools/bin/../lib/gcc/arm-none-eabi/13.3.1/../../../../arm-none-eabi/lib/thumb/v7e-m+dp/hard/libc_nano.a(libc_a-makebuf.o)
 .debug_frame   0x00002e2c       0x2c /opt/st/stm32cubeide_1.19.0/plugins/com.st.stm32cube.ide.mcu.externaltools.gnu-tools-for-stm32.13.3.rel1.linux64_1.0.0.202410170706/tools/bin/../lib/gcc/arm-none-eabi/13.3.1/../../../../arm-none-eabi/lib/thumb/v7e-m+dp/hard/libc_nano.a(libc_a-fstatr.o)
 .debug_frame   0x00002e58       0x2c /opt/st/stm32cubeide_1.19.0/plugins/com.st.stm32cube.ide.mcu.externaltools.gnu-tools-for-stm32.13.3.rel1.linux64_1.0.0.202410170706/tools/bin/../lib/gcc/arm-none-eabi/13.3.1/../../../../arm-none-eabi/lib/thumb/v7e-m+dp/hard/libc_nano.a(libc_a-isattyr.o)
 .debug_frame   0x00002e84       0x2c /opt/st/stm32cubeide_1.19.0/plugins/com.st.stm32cube.ide.mcu.externaltools.gnu-tools-for-stm32.13.3.rel1.linux64_1.0.0.202410170706/tools/bin/../lib/gcc/arm-none-eabi/13.3.1/../../../../arm-none-eabi/lib/thumb/v7e-m+dp/hard/libc_nano.a(libc_a-sbrkr.o)
 .debug_frame   0x00002eb0       0x2c /opt/st/stm32cubeide_1.19.0/plugins/com.st.stm32cube.ide.mcu.externaltools.gnu-tools-for-stm32.13.3.rel1.linux64_1.0.0.202410170706/tools/bin/../lib/gcc/arm-none-eabi/13.3.1/thumb/v7e-m+dp/hard/libgcc.a(_aeabi_uldivmod.o)
 .debug_frame   0x00002edc       0x34 /opt/st/stm32cubeide_1.19.0/plugins/com.st.stm32cube.ide.mcu.externaltools.gnu-tools-for-stm32.13.3.rel1.linux64_1.0.0.202410170706/tools/bin/../lib/gcc/arm-none-eabi/13.3.1/thumb/v7e-m+dp/hard/libgcc.a(_udivmoddi4.o)